Archive member included to satisfy reference by file (symbol)

d:/bkeu/hala/10 2021.10/bin/../lib/gcc/arm-none-eabi/10.3.1/../../../../arm-none-eabi/lib/thumb/v7-m/nofp\libc_nano.a(lib_a-errno.o)
                              Tools/debug/syscalls_min.o (__errno)
d:/bkeu/hala/10 2021.10/bin/../lib/gcc/arm-none-eabi/10.3.1/../../../../arm-none-eabi/lib/thumb/v7-m/nofp\libc_nano.a(lib_a-impure.o)
                              d:/bkeu/hala/10 2021.10/bin/../lib/gcc/arm-none-eabi/10.3.1/../../../../arm-none-eabi/lib/thumb/v7-m/nofp\libc_nano.a(lib_a-errno.o) (_impure_ptr)
d:/bkeu/hala/10 2021.10/bin/../lib/gcc/arm-none-eabi/10.3.1/../../../../arm-none-eabi/lib/thumb/v7-m/nofp\libc_nano.a(lib_a-memcpy-stub.o)
                              Tools/bsw/communication/canif/CanIf.o (memcpy)
d:/bkeu/hala/10 2021.10/bin/../lib/gcc/arm-none-eabi/10.3.1/../../../../arm-none-eabi/lib/thumb/v7-m/nofp\libc_nano.a(lib_a-memset.o)
                              Tools/bsw/communication/com/Com.o (memset)
d:/bkeu/hala/10 2021.10/bin/../lib/gcc/arm-none-eabi/10.3.1/../../../../arm-none-eabi/lib/thumb/v7-m/nofp\libc_nano.a(lib_a-printf.o)
                              Tools/app/tasks/Task_B.o (printf)
d:/bkeu/hala/10 2021.10/bin/../lib/gcc/arm-none-eabi/10.3.1/../../../../arm-none-eabi/lib/thumb/v7-m/nofp\libc_nano.a(lib_a-findfp.o)
                              d:/bkeu/hala/10 2021.10/bin/../lib/gcc/arm-none-eabi/10.3.1/../../../../arm-none-eabi/lib/thumb/v7-m/nofp\libc_nano.a(lib_a-printf.o) (__sinit)
d:/bkeu/hala/10 2021.10/bin/../lib/gcc/arm-none-eabi/10.3.1/../../../../arm-none-eabi/lib/thumb/v7-m/nofp\libc_nano.a(lib_a-fwalk.o)
                              d:/bkeu/hala/10 2021.10/bin/../lib/gcc/arm-none-eabi/10.3.1/../../../../arm-none-eabi/lib/thumb/v7-m/nofp\libc_nano.a(lib_a-findfp.o) (_fwalk)
d:/bkeu/hala/10 2021.10/bin/../lib/gcc/arm-none-eabi/10.3.1/../../../../arm-none-eabi/lib/thumb/v7-m/nofp\libc_nano.a(lib_a-lock.o)
                              d:/bkeu/hala/10 2021.10/bin/../lib/gcc/arm-none-eabi/10.3.1/../../../../arm-none-eabi/lib/thumb/v7-m/nofp\libc_nano.a(lib_a-findfp.o) (__retarget_lock_init_recursive)
d:/bkeu/hala/10 2021.10/bin/../lib/gcc/arm-none-eabi/10.3.1/../../../../arm-none-eabi/lib/thumb/v7-m/nofp\libc_nano.a(lib_a-nano-mallocr.o)
                              d:/bkeu/hala/10 2021.10/bin/../lib/gcc/arm-none-eabi/10.3.1/../../../../arm-none-eabi/lib/thumb/v7-m/nofp\libc_nano.a(lib_a-findfp.o) (_malloc_r)
d:/bkeu/hala/10 2021.10/bin/../lib/gcc/arm-none-eabi/10.3.1/../../../../arm-none-eabi/lib/thumb/v7-m/nofp\libc_nano.a(lib_a-nano-vfprintf.o)
                              d:/bkeu/hala/10 2021.10/bin/../lib/gcc/arm-none-eabi/10.3.1/../../../../arm-none-eabi/lib/thumb/v7-m/nofp\libc_nano.a(lib_a-printf.o) (_vfprintf_r)
d:/bkeu/hala/10 2021.10/bin/../lib/gcc/arm-none-eabi/10.3.1/../../../../arm-none-eabi/lib/thumb/v7-m/nofp\libc_nano.a(lib_a-nano-vfprintf_i.o)
                              d:/bkeu/hala/10 2021.10/bin/../lib/gcc/arm-none-eabi/10.3.1/../../../../arm-none-eabi/lib/thumb/v7-m/nofp\libc_nano.a(lib_a-nano-vfprintf.o) (_printf_i)
d:/bkeu/hala/10 2021.10/bin/../lib/gcc/arm-none-eabi/10.3.1/../../../../arm-none-eabi/lib/thumb/v7-m/nofp\libc_nano.a(lib_a-sbrkr.o)
                              d:/bkeu/hala/10 2021.10/bin/../lib/gcc/arm-none-eabi/10.3.1/../../../../arm-none-eabi/lib/thumb/v7-m/nofp\libc_nano.a(lib_a-nano-mallocr.o) (_sbrk_r)
d:/bkeu/hala/10 2021.10/bin/../lib/gcc/arm-none-eabi/10.3.1/../../../../arm-none-eabi/lib/thumb/v7-m/nofp\libc_nano.a(lib_a-stdio.o)
                              d:/bkeu/hala/10 2021.10/bin/../lib/gcc/arm-none-eabi/10.3.1/../../../../arm-none-eabi/lib/thumb/v7-m/nofp\libc_nano.a(lib_a-findfp.o) (__sread)
d:/bkeu/hala/10 2021.10/bin/../lib/gcc/arm-none-eabi/10.3.1/../../../../arm-none-eabi/lib/thumb/v7-m/nofp\libc_nano.a(lib_a-wbuf.o)
                              d:/bkeu/hala/10 2021.10/bin/../lib/gcc/arm-none-eabi/10.3.1/../../../../arm-none-eabi/lib/thumb/v7-m/nofp\libc_nano.a(lib_a-nano-vfprintf.o) (__swbuf_r)
d:/bkeu/hala/10 2021.10/bin/../lib/gcc/arm-none-eabi/10.3.1/../../../../arm-none-eabi/lib/thumb/v7-m/nofp\libc_nano.a(lib_a-writer.o)
                              d:/bkeu/hala/10 2021.10/bin/../lib/gcc/arm-none-eabi/10.3.1/../../../../arm-none-eabi/lib/thumb/v7-m/nofp\libc_nano.a(lib_a-stdio.o) (_write_r)
d:/bkeu/hala/10 2021.10/bin/../lib/gcc/arm-none-eabi/10.3.1/../../../../arm-none-eabi/lib/thumb/v7-m/nofp\libc_nano.a(lib_a-wsetup.o)
                              d:/bkeu/hala/10 2021.10/bin/../lib/gcc/arm-none-eabi/10.3.1/../../../../arm-none-eabi/lib/thumb/v7-m/nofp\libc_nano.a(lib_a-nano-vfprintf.o) (__swsetup_r)
d:/bkeu/hala/10 2021.10/bin/../lib/gcc/arm-none-eabi/10.3.1/../../../../arm-none-eabi/lib/thumb/v7-m/nofp\libc_nano.a(lib_a-closer.o)
                              d:/bkeu/hala/10 2021.10/bin/../lib/gcc/arm-none-eabi/10.3.1/../../../../arm-none-eabi/lib/thumb/v7-m/nofp\libc_nano.a(lib_a-stdio.o) (_close_r)
[...]
Memory Configuration

Name             Origin             Length             Attributes
FLASH            0x08000000         0x00010000         xr
RAM              0x20000000         0x00005000         xrw
*default*        0x00000000         0xffffffff

Linker script and memory map

LOAD Tools/app/main.o
LOAD Tools/app/tasks/InitTask.o
LOAD Tools/app/tasks/Task_A.o
LOAD Tools/app/tasks/Task_B.o
LOAD Tools/app/tasks/Task_C.o
LOAD Tools/app/tasks/Task_Idle.o
LOAD Tools/bsw/communication/canif/CanIf.o
LOAD Tools/bsw/communication/pdur/PduR.o
LOAD Tools/bsw/communication/com/Com.o
LOAD Tools/bsw/ecua/iohwab/src/IoHwAb_Adc.o
LOAD Tools/bsw/ecua/iohwab/src/IoHwAb_Brake.o
LOAD Tools/bsw/ecua/iohwab/src/IoHwAb_Digital.o
LOAD Tools/bsw/ecua/iohwab/src/IoHwAb_Gear.o
LOAD Tools/bsw/ecua/iohwab/src/IoHwAb_Mode.o
LOAD Tools/bsw/ecua/iohwab/src/IoHwAb_Pedal.o
LOAD Tools/bsw/ecua/iohwab/src/IoHwAb_Types.o
LOAD Tools/bsw/mcal/adc/Adc.o
LOAD Tools/bsw/mcal/can/Can.o
LOAD Tools/bsw/mcal/dio/Dio.o
LOAD Tools/bsw/mcal/port/Port.o
LOAD Tools/bsw/mcal/PWM/Pwm.o
LOAD Tools/bsw/services/os/arch/cortexm3_stm32f1/Os_Arch.o
LOAD Tools/bsw/services/os/src/Os_Alarm.o
LOAD Tools/bsw/services/os/src/Os_Counter.o
LOAD Tools/bsw/services/os/src/Os_Event.o
LOAD Tools/bsw/services/os/src/Os_Hook.o
LOAD Tools/bsw/services/os/src/Os_Ioc.o
LOAD Tools/bsw/services/os/src/Os_Resource.o
LOAD Tools/bsw/services/os/src/Os_SchedTbl.o
LOAD Tools/bsw/services/os/src/Os_Task.o
LOAD Tools/bsw/services/ecum/EcuM.o
LOAD Tools/cfg/mcal/Adc_cfg.o
LOAD Tools/cfg/mcal/Can_Cfg.o
LOAD Tools/cfg/mcal/Port_cfg.o
LOAD Tools/cfg/mcal/Pwm_Lcfg.o
LOAD Tools/cfg/ecua/IoHwAb_Adc_Cfg.o
LOAD Tools/cfg/ecua/IoHwAb_Digital_Cfg.o
LOAD Tools/cfg/communication/CanIf_Cfg.o
LOAD Tools/cfg/communication/Com_Cfg.o
LOAD Tools/cfg/communication/PduR_Cfg.o
LOAD Tools/debug/semihost.o
LOAD Tools/debug/syscalls_min.o
LOAD Tools/platform/spl/src/misc.o
LOAD Tools/platform/spl/src/stm32f10x_adc.o
LOAD Tools/platform/spl/src/stm32f10x_can.o
LOAD Tools/platform/spl/src/stm32f10x_dma.o
LOAD Tools/platform/spl/src/stm32f10x_gpio.o
LOAD Tools/platform/spl/src/stm32f10x_rcc.o
LOAD Tools/platform/spl/src/stm32f10x_tim.o
LOAD Tools/platform/spl/src/system_stm32f10x.o
LOAD Tools/swc/Swc_BrakeAcq/Swc_BrakeAcq.o
LOAD Tools/swc/Swc_CmdComposer/Swc_CmdComposer.o
LOAD Tools/swc/Swc_DriveModeMgr/Swc_DriveModeMgr.o
LOAD Tools/swc/Swc_GearSelector/Swc_GearSelector.o
LOAD Tools/swc/Swc_PedalAcq/Swc_PedalAcq.o
LOAD Tools/swc/Swc_SafetyManager/Swc_SafetyManager.o
LOAD Tools/rte/core/src/Rte.o
LOAD Tools/platform/bsp/startup_stm32f10x_md.o
LOAD Tools/bsw/services/os/arch/cortexm3_stm32f1/Os_Arch_Asm.o
START GROUP
LOAD d:/bkeu/hala/10 2021.10/bin/../lib/gcc/arm-none-eabi/10.3.1/../../../../arm-none-eabi/lib/thumb/v7-m/nofp\libc_nano.a
LOAD d:/bkeu/hala/10 2021.10/bin/../lib/gcc/arm-none-eabi/10.3.1/../../../../arm-none-eabi/lib/thumb/v7-m/nofp\libm.a
LOAD d:/bkeu/hala/10 2021.10/bin/../lib/gcc/arm-none-eabi/10.3.1/thumb/v7-m/nofp\libgcc.a
END GROUP
                0x20005000                _estack = (ORIGIN (RAM) + LENGTH (RAM))

.isr_vector     0x08000000      0x10c
 *(.isr_vector)
 .isr_vector    0x08000000      0x10c Tools/platform/bsp/startup_stm32f10x_md.o
                0x08000000                g_pfnVectors

.text           0x0800010c     0x3f9b
                0x0800010c                _stext = .
 *(.text*)
 .text.main     0x0800010c        0xe Tools/app/main.o
                0x0800010c                main
 *fill*         0x0800011a        0x2 
 .text.Task_Init
                0x0800011c       0x60 Tools/app/tasks/InitTask.o
                0x0800011c                Task_Init
 .text.Task_A   0x0800017c       0x1c Tools/app/tasks/Task_A.o
                0x0800017c                Task_A
 .text.Task_B   0x08000198       0x28 Tools/app/tasks/Task_B.o
                0x08000198                Task_B
 .text.Task_C   0x080001c0        0x8 Tools/app/tasks/Task_C.o
                0x080001c0                Task_C
 .text.Task_Idle
                0x080001c8        0x4 Tools/app/tasks/Task_Idle.o
                0x080001c8                Task_Idle
 .text.CanIf_Init
                0x080001cc       0x7c Tools/bsw/communication/canif/CanIf.o
                0x080001cc                CanIf_Init
 .text.CanIf_Transmit
                0x08000248       0xb0 Tools/bsw/communication/canif/CanIf.o
                0x08000248                CanIf_Transmit
 .text.PduR_Init
                0x080002f8       0x34 Tools/bsw/communication/pdur/PduR.o
                0x080002f8                PduR_Init
 .text.PduR_ComTransmit
                0x0800032c       0x64 Tools/bsw/communication/pdur/PduR.o
                0x0800032c                PduR_ComTransmit
 .text.PduR_CanIfRxIndication
                0x08000390       0x58 Tools/bsw/communication/pdur/PduR.o
                0x08000390                PduR_CanIfRxIndication
 .text.PduR_CanIfTxConfirmation
                0x080003e8       0x54 Tools/bsw/communication/pdur/PduR.o
                0x080003e8                PduR_CanIfTxConfirmation
 .text.prv_get_pdu_buf
                0x0800043c       0x68 Tools/bsw/communication/com/Com.o
 .text.put_nibble
                0x080004a4       0x22 Tools/bsw/communication/com/Com.o
 .text.put_bit  0x080004c6       0x26 Tools/bsw/communication/com/Com.o
 .text.Com_Init
                0x080004ec       0x20 Tools/bsw/communication/com/Com.o
                0x080004ec                Com_Init
 .text.Com_SendSignal
                0x0800050c       0xc4 Tools/bsw/communication/com/Com.o
                0x0800050c                Com_SendSignal
 .text.Com_TriggerIPDUSend
                0x080005d0       0x38 Tools/bsw/communication/com/Com.o
                0x080005d0                Com_TriggerIPDUSend
 .text.Com_RxIndication
                0x08000608       0x48 Tools/bsw/communication/com/Com.o
                0x08000608                Com_RxIndication
 .text.Com_TxConfirmation
                0x08000650        0x2 Tools/bsw/communication/com/Com.o
                0x08000650                Com_TxConfirmation
 *fill*         0x08000652        0x2 
 .text.Com_ReceiveSignal
                0x08000654       0x38 Tools/bsw/communication/com/Com.o
                0x08000654                Com_ReceiveSignal
 .text.IoHwAb_Brake_Get
                0x0800068c       0x1c Tools/bsw/ecua/iohwab/src/IoHwAb_Brake.o
                0x0800068c                IoHwAb_Brake_Get
 .text.IoHwAb_Init1
                0x080006a8       0x18 Tools/bsw/ecua/iohwab/src/IoHwAb_Digital.o
                0x080006a8                IoHwAb_Init1
 .text.IoHwAb_Gear_Get
                0x080006c0       0x72 Tools/bsw/ecua/iohwab/src/IoHwAb_Gear.o
                0x080006c0                IoHwAb_Gear_Get
 .text.IoHwAb_Mode_Get
                0x08000732       0x1c Tools/bsw/ecua/iohwab/src/IoHwAb_Mode.o
                0x08000732                IoHwAb_Mode_Get
 *fill*         0x0800074e        0x2 
 .text.IoHwAb_Pedal_ReadPct
                0x08000750       0x48 Tools/bsw/ecua/iohwab/src/IoHwAb_Pedal.o
                0x08000750                IoHwAb_Pedal_ReadPct
 .text.Adc_Init
                0x08000798      0x158 Tools/bsw/mcal/adc/Adc.o
                0x08000798                Adc_Init
 .text.Adc_StartGroupConversion
                0x080008f0      0x10c Tools/bsw/mcal/adc/Adc.o
                0x080008f0                Adc_StartGroupConversion
 .text.Adc_ReadGroup
                0x080009fc       0x84 Tools/bsw/mcal/adc/Adc.o
                0x080009fc                Adc_ReadGroup
 .text.Can_Init
                0x08000a80       0xb8 Tools/bsw/mcal/can/Can.o
                0x08000a80                Can_Init
 .text.Can_Write
                0x08000b38       0xc0 Tools/bsw/mcal/can/Can.o
                0x08000b38                Can_Write
 .text.DIO_ReadChannel
                0x08000bf8       0x70 Tools/bsw/mcal/dio/Dio.o
                0x08000bf8                DIO_ReadChannel
 .text.Port_ApplyPinConfig
                0x08000c68      0x174 Tools/bsw/mcal/port/Port.o
 .text.Port_Init
                0x08000ddc       0x50 Tools/bsw/mcal/port/Port.o
                0x08000ddc                Port_Init
 .text.Os_Arch_SetCorePriorities
                0x08000e2c       0x20 Tools/bsw/services/os/arch/cortexm3_stm32f1/Os_Arch.o
 .text.OS_Arch_SystickConfig
                0x08000e4c       0x34 Tools/bsw/services/os/arch/cortexm3_stm32f1/Os_Arch.o
                0x08000e4c                OS_Arch_SystickConfig
 .text.Os_Arch_Init
                0x08000e80       0x20 Tools/bsw/services/os/arch/cortexm3_stm32f1/Os_Arch.o
                0x08000e80                Os_Arch_Init
 .text.Os_Arch_TriggerPendSV
                0x08000ea0       0x24 Tools/bsw/services/os/arch/cortexm3_stm32f1/Os_Arch.o
                0x08000ea0                Os_Arch_TriggerPendSV
 .text.Os_Arch_StartFirstTask
                0x08000ec4        0x4 Tools/bsw/services/os/arch/cortexm3_stm32f1/Os_Arch.o
                0x08000ec4                Os_Arch_StartFirstTask
 .text.SetRelAlarm
                0x08000ec8      0x118 Tools/bsw/services/os/src/Os_Alarm.o
                0x08000ec8                SetRelAlarm
 .text.Os_Alarm_Init
                0x08000fe0       0x30 Tools/bsw/services/os/src/Os_Alarm.o
                0x08000fe0                Os_Alarm_Init
 .text.os_alarm_tick
                0x08001010       0x94 Tools/bsw/services/os/src/Os_Alarm.o
                0x08001010                os_alarm_tick
 .text.IncrementCounter
                0x080010a4       0x4c Tools/bsw/services/os/src/Os_Counter.o
                0x080010a4                IncrementCounter
 .text.SetEvent
                0x080010f0       0x78 Tools/bsw/services/os/src/Os_Event.o
                0x080010f0                SetEvent
 .text.task_exit_trampoline
                0x08001168        0x4 Tools/bsw/services/os/src/Os_Task.o
 .text.schedule
                0x0800116c       0x88 Tools/bsw/services/os/src/Os_Task.o
 .text.os_task_stack_init
                0x080011f4       0x8c Tools/bsw/services/os/src/Os_Task.o
                0x080011f4                os_task_stack_init
 .text.ActivateTask
                0x08001280       0xe8 Tools/bsw/services/os/src/Os_Task.o
                0x08001280                ActivateTask
 .text.TerminateTask
                0x08001368       0x1c Tools/bsw/services/os/src/Os_Task.o
                0x08001368                TerminateTask
 .text.os_on_tick
                0x08001384       0x30 Tools/bsw/services/os/src/Os_Task.o
                0x08001384                os_on_tick
 .text.StartOS  0x080013b4       0x60 Tools/bsw/services/os/src/Os_Task.o
                0x080013b4                StartOS
 .text.EcuM_Init
                0x08001414       0x18 Tools/bsw/services/ecum/EcuM.o
                0x08001414                EcuM_Init
 .text.EcuM_StartupTwo
                0x0800142c       0x2c Tools/bsw/services/ecum/EcuM.o
                0x0800142c                EcuM_StartupTwo
 .text.DMA_Notification_callback
                0x08001458       0x10 Tools/cfg/mcal/Adc_cfg.o
                0x08001458                DMA_Notification_callback
 .text.Can_RegisterRxCallback
                0x08001468        0xc Tools/cfg/mcal/Can_Cfg.o
                0x08001468                Can_RegisterRxCallback
 .text.USB_LP_CAN1_RX0_IRQHandler
                0x08001474       0x50 Tools/cfg/mcal/Can_Cfg.o
                0x08001474                USB_LP_CAN1_RX0_IRQHandler
 .text.USB_HP_CAN1_TX_IRQHandler
                0x080014c4       0x20 Tools/cfg/mcal/Can_Cfg.o
                0x080014c4                USB_HP_CAN1_TX_IRQHandler
 .text.App_RxCallback
                0x080014e4        0x8 Tools/cfg/communication/CanIf_Cfg.o
                0x080014e4                App_RxCallback
 .text.App_TxConfirm
                0x080014ec        0x8 Tools/cfg/communication/CanIf_Cfg.o
                0x080014ec                App_TxConfirm
 .text.CanIf_RxIndication
                0x080014f4       0x58 Tools/cfg/communication/CanIf_Cfg.o
                0x080014f4                CanIf_RxIndication
 .text._write   0x0800154c       0x48 Tools/debug/semihost.o
                0x0800154c                _write
 .text._sbrk    0x08001594       0x84 Tools/debug/syscalls_min.o
                0x08001594                _sbrk
 .text._close   0x08001618       0x10 Tools/debug/syscalls_min.o
                0x08001618                _close
 .text._lseek   0x08001628       0x10 Tools/debug/syscalls_min.o
                0x08001628                _lseek
 .text._read    0x08001638       0x10 Tools/debug/syscalls_min.o
                0x08001638                _read
 .text._fstat   0x08001648        0xc Tools/debug/syscalls_min.o
                0x08001648                _fstat
 .text._isatty  0x08001654        0x4 Tools/debug/syscalls_min.o
                0x08001654                _isatty
 .text.ADC_Init
                0x08001658       0x4c Tools/platform/spl/src/stm32f10x_adc.o
                0x08001658                ADC_Init
 .text.ADC_Cmd  0x080016a4       0x16 Tools/platform/spl/src/stm32f10x_adc.o
                0x080016a4                ADC_Cmd
 .text.ADC_DMACmd
                0x080016ba       0x16 Tools/platform/spl/src/stm32f10x_adc.o
                0x080016ba                ADC_DMACmd
 .text.ADC_SoftwareStartConvCmd
                0x080016d0       0x16 Tools/platform/spl/src/stm32f10x_adc.o
                0x080016d0                ADC_SoftwareStartConvCmd
 .text.ADC_RegularChannelConfig
                0x080016e6       0x98 Tools/platform/spl/src/stm32f10x_adc.o
                0x080016e6                ADC_RegularChannelConfig
 .text.ADC_GetConversionValue
                0x0800177e        0x6 Tools/platform/spl/src/stm32f10x_adc.o
                0x0800177e                ADC_GetConversionValue
 .text.CheckITStatus
                0x08001784        0xc Tools/platform/spl/src/stm32f10x_can.o
 .text.CAN_Init
                0x08001790      0x10e Tools/platform/spl/src/stm32f10x_can.o
                0x08001790                CAN_Init
 *fill*         0x0800189e        0x2 
 .text.CAN_FilterInit
                0x080018a0      0x10c Tools/platform/spl/src/stm32f10x_can.o
                0x080018a0                CAN_FilterInit
 .text.CAN_Transmit
                0x080019ac       0xda Tools/platform/spl/src/stm32f10x_can.o
                0x080019ac                CAN_Transmit
 *fill*         0x08001a86        0x2 
 .text.CAN_TransmitStatus
                0x08001a88       0x98 Tools/platform/spl/src/stm32f10x_can.o
                0x08001a88                CAN_TransmitStatus
 .text.CAN_Receive
                0x08001b20       0xaa Tools/platform/spl/src/stm32f10x_can.o
                0x08001b20                CAN_Receive
 .text.CAN_ITConfig
                0x08001bca       0x14 Tools/platform/spl/src/stm32f10x_can.o
                0x08001bca                CAN_ITConfig
 *fill*         0x08001bde        0x2 
 .text.CAN_GetITStatus
                0x08001be0      0x114 Tools/platform/spl/src/stm32f10x_can.o
                0x08001be0                CAN_GetITStatus
 .text.CAN_ClearITPendingBit
                0x08001cf4       0xc0 Tools/platform/spl/src/stm32f10x_can.o
                0x08001cf4                CAN_ClearITPendingBit
 .text.DMA_Init
                0x08001db4       0x3e Tools/platform/spl/src/stm32f10x_dma.o
                0x08001db4                DMA_Init
 .text.DMA_Cmd  0x08001df2       0x1a Tools/platform/spl/src/stm32f10x_dma.o
                0x08001df2                DMA_Cmd
 .text.DMA_ITConfig
                0x08001e0c       0x14 Tools/platform/spl/src/stm32f10x_dma.o
                0x08001e0c                DMA_ITConfig
 .text.GPIO_Init
                0x08001e20       0xb2 Tools/platform/spl/src/stm32f10x_gpio.o
                0x08001e20                GPIO_Init
 .text.GPIO_ReadInputDataBit
                0x08001ed2        0xe Tools/platform/spl/src/stm32f10x_gpio.o
                0x08001ed2                GPIO_ReadInputDataBit
 .text.GPIO_SetBits
                0x08001ee0        0x4 Tools/platform/spl/src/stm32f10x_gpio.o
                0x08001ee0                GPIO_SetBits
 .text.GPIO_ResetBits
                0x08001ee4        0x4 Tools/platform/spl/src/stm32f10x_gpio.o
                0x08001ee4                GPIO_ResetBits
 .text.RCC_ADCCLKConfig
                0x08001ee8       0x14 Tools/platform/spl/src/stm32f10x_rcc.o
                0x08001ee8                RCC_ADCCLKConfig
 .text.RCC_AHBPeriphClockCmd
                0x08001efc       0x1c Tools/platform/spl/src/stm32f10x_rcc.o
                0x08001efc                RCC_AHBPeriphClockCmd
 .text.RCC_APB2PeriphClockCmd
                0x08001f18       0x1c Tools/platform/spl/src/stm32f10x_rcc.o
                0x08001f18                RCC_APB2PeriphClockCmd
 .text.RCC_APB1PeriphClockCmd
                0x08001f34       0x1c Tools/platform/spl/src/stm32f10x_rcc.o
                0x08001f34                RCC_APB1PeriphClockCmd
 .text.SetSysClockTo72
                0x08001f50       0xc4 Tools/platform/spl/src/system_stm32f10x.o
 .text.SetSysClock
                0x08002014        0x8 Tools/platform/spl/src/system_stm32f10x.o
 .text.SystemInit
                0x0800201c       0x50 Tools/platform/spl/src/system_stm32f10x.o
                0x0800201c                SystemInit
 .text.BrakeAcq_SeedFromHw
                0x0800206c       0x3c Tools/swc/Swc_BrakeAcq/Swc_BrakeAcq.o
 .text.Swc_BrakeAcq_Init
                0x080020a8       0x24 Tools/swc/Swc_BrakeAcq/Swc_BrakeAcq.o
                0x080020a8                Swc_BrakeAcq_Init
 .text.Swc_BrakeAcq_Run10ms
                0x080020cc       0x5c Tools/swc/Swc_BrakeAcq/Swc_BrakeAcq.o
                0x080020cc                Swc_BrakeAcq_Run10ms
 .text.clamp_0_100
                0x08002128       0x14 Tools/swc/Swc_CmdComposer/Swc_CmdComposer.o
 .text.gear_to_u8
                0x0800213c       0x10 Tools/swc/Swc_CmdComposer/Swc_CmdComposer.o
 .text.mode_to_u8
                0x0800214c        0x8 Tools/swc/Swc_CmdComposer/Swc_CmdComposer.o
 .text.rate_limit_u8
                0x08002154       0x2c Tools/swc/Swc_CmdComposer/Swc_CmdComposer.o
 .text.CmdComposer_Seed
                0x08002180       0x44 Tools/swc/Swc_CmdComposer/Swc_CmdComposer.o
 .text.Swc_CmdComposer_Init
                0x080021c4       0x2c Tools/swc/Swc_CmdComposer/Swc_CmdComposer.o
                0x080021c4                Swc_CmdComposer_Init
 .text.Swc_CmdComposer_Run10ms
                0x080021f0       0xb4 Tools/swc/Swc_CmdComposer/Swc_CmdComposer.o
                0x080021f0                Swc_CmdComposer_Run10ms
 .text.Swc_CmdComposer_ReadEngineRPM
                0x080022a4        0x8 Tools/swc/Swc_CmdComposer/Swc_CmdComposer.o
                0x080022a4                Swc_CmdComposer_ReadEngineRPM
 .text.clamp_mode
                0x080022ac        0xa Tools/swc/Swc_DriveModeMgr/Swc_DriveModeMgr.o
 *fill*         0x080022b6        0x2 
 .text.DriveMode_SeedFromHw
                0x080022b8       0x44 Tools/swc/Swc_DriveModeMgr/Swc_DriveModeMgr.o
 .text.Swc_DriveModeMgr_Init
                0x080022fc       0x24 Tools/swc/Swc_DriveModeMgr/Swc_DriveModeMgr.o
                0x080022fc                Swc_DriveModeMgr_Init
 .text.Swc_DriveModeMgr_Run10ms
                0x08002320       0x60 Tools/swc/Swc_DriveModeMgr/Swc_DriveModeMgr.o
                0x08002320                Swc_DriveModeMgr_Run10ms
 .text.gear_is_valid
                0x08002380        0xa Tools/swc/Swc_GearSelector/Swc_GearSelector.o
 *fill*         0x0800238a        0x2 
 .text.GearSel_SeedFromHw
                0x0800238c       0x54 Tools/swc/Swc_GearSelector/Swc_GearSelector.o
 .text.Swc_GearSelector_Init
                0x080023e0       0x24 Tools/swc/Swc_GearSelector/Swc_GearSelector.o
                0x080023e0                Swc_GearSelector_Init
 .text.Swc_GearSelector_Run10ms
                0x08002404       0x68 Tools/swc/Swc_GearSelector/Swc_GearSelector.o
                0x08002404                Swc_GearSelector_Run10ms
 .text.clamp_0_100
                0x0800246c       0x14 Tools/swc/Swc_PedalAcq/Swc_PedalAcq.o
 .text.PedalAcq_SeedFromHw
                0x08002480       0x40 Tools/swc/Swc_PedalAcq/Swc_PedalAcq.o
 .text.Swc_PedalAcq_Init
                0x080024c0       0x24 Tools/swc/Swc_PedalAcq/Swc_PedalAcq.o
                0x080024c0                Swc_PedalAcq_Init
 .text.Swc_PedalAcq_Run10ms
                0x080024e4       0x7c Tools/swc/Swc_PedalAcq/Swc_PedalAcq.o
                0x080024e4                Swc_PedalAcq_Run10ms
 .text.clamp_0_100
                0x08002560       0x14 Tools/swc/Swc_SafetyManager/Swc_SafetyManager.o
 .text.gear_is_valid
                0x08002574        0xa Tools/swc/Swc_SafetyManager/Swc_SafetyManager.o
 .text.Safety_ApplyGearInterlock
                0x0800257e       0x30 Tools/swc/Swc_SafetyManager/Swc_SafetyManager.o
 .text.Safety_ApplyBrakeOverride
                0x080025ae        0xc Tools/swc/Swc_SafetyManager/Swc_SafetyManager.o
 *fill*         0x080025ba        0x2 
 .text.Safety_Seed
                0x080025bc       0x24 Tools/swc/Swc_SafetyManager/Swc_SafetyManager.o
 .text.Swc_SafetyManager_Init
                0x080025e0       0x2c Tools/swc/Swc_SafetyManager/Swc_SafetyManager.o
                0x080025e0                Swc_SafetyManager_Init
 .text.Swc_SafetyManager_Run10ms
                0x0800260c      0x150 Tools/swc/Swc_SafetyManager/Swc_SafetyManager.o
                0x0800260c                Swc_SafetyManager_Run10ms
 .text.Rte_Start
                0x0800275c       0x64 Tools/rte/core/src/Rte.o
                0x0800275c                Rte_Start
 .text.Rte_StartTiming
                0x080027c0        0xc Tools/rte/core/src/Rte.o
                0x080027c0                Rte_StartTiming
 .text.Rte_Init
                0x080027cc        0xc Tools/rte/core/src/Rte.o
                0x080027cc                Rte_Init
 .text.Rte_Write_PedalAcq_PedalOut
                0x080027d8       0x18 Tools/rte/core/src/Rte.o
                0x080027d8                Rte_Write_PedalAcq_PedalOut
 .text.Rte_Write_BrakeAcq_BrakeOut
                0x080027f0       0x18 Tools/rte/core/src/Rte.o
                0x080027f0                Rte_Write_BrakeAcq_BrakeOut
 .text.Rte_Write_GearSelector_GearOut
                0x08002808       0x18 Tools/rte/core/src/Rte.o
                0x08002808                Rte_Write_GearSelector_GearOut
 .text.Rte_Write_SafetyManager_SafeOut
                0x08002820       0x20 Tools/rte/core/src/Rte.o
                0x08002820                Rte_Write_SafetyManager_SafeOut
 .text.Rte_Read_SafetyManager_PedalOut
                0x08002840       0x1c Tools/rte/core/src/Rte.o
                0x08002840                Rte_Read_SafetyManager_PedalOut
 .text.Rte_Read_SafetyManager_BrakeOut
                0x0800285c       0x1c Tools/rte/core/src/Rte.o
                0x0800285c                Rte_Read_SafetyManager_BrakeOut
 .text.Rte_Read_SafetyManager_GearOut
                0x08002878       0x1c Tools/rte/core/src/Rte.o
                0x08002878                Rte_Read_SafetyManager_GearOut
 .text.Rte_Read_CmdComposer_SafeOut
                0x08002894       0x20 Tools/rte/core/src/Rte.o
                0x08002894                Rte_Read_CmdComposer_SafeOut
 .text.Rte_Write_DriveModeMgr_DriveModeOut
                0x080028b4       0x20 Tools/rte/core/src/Rte.o
                0x080028b4                Rte_Write_DriveModeMgr_DriveModeOut
 .text.Rte_Read_SafetyManager_DriveModeOut
                0x080028d4       0x20 Tools/rte/core/src/Rte.o
                0x080028d4                Rte_Read_SafetyManager_DriveModeOut
 .text.Rte_Write_CmdComposer_VcuCmdTx_ThrottleReq_pct
                0x080028f4        0xc Tools/rte/core/src/Rte.o
                0x080028f4                Rte_Write_CmdComposer_VcuCmdTx_ThrottleReq_pct
 .text.Rte_Write_CmdComposer_VcuCmdTx_GearSel
                0x08002900        0xc Tools/rte/core/src/Rte.o
                0x08002900                Rte_Write_CmdComposer_VcuCmdTx_GearSel
 .text.Rte_Write_CmdComposer_VcuCmdTx_DriveMode
                0x0800290c        0xc Tools/rte/core/src/Rte.o
                0x0800290c                Rte_Write_CmdComposer_VcuCmdTx_DriveMode
 .text.Rte_Write_CmdComposer_VcuCmdTx_BrakeActive
                0x08002918        0xc Tools/rte/core/src/Rte.o
                0x08002918                Rte_Write_CmdComposer_VcuCmdTx_BrakeActive
 .text.Rte_Write_CmdComposer_VcuCmdTx_AliveCounter
                0x08002924        0xc Tools/rte/core/src/Rte.o
                0x08002924                Rte_Write_CmdComposer_VcuCmdTx_AliveCounter
 .text.Rte_Trigger_CmdComposer_VcuCmdTx
                0x08002930       0x64 Tools/rte/core/src/Rte.o
                0x08002930                Rte_Trigger_CmdComposer_VcuCmdTx
 .text.Rte_Com_Update_EngineSpeedFromPdu
                0x08002994        0xc Tools/rte/core/src/Rte.o
                0x08002994                Rte_Com_Update_EngineSpeedFromPdu
 .text.Rte_Call_DriveModeMgr_IoHwAb_Mode_Get
                0x080029a0        0x8 Tools/rte/core/src/Rte.o
                0x080029a0                Rte_Call_DriveModeMgr_IoHwAb_Mode_Get
 .text.Rte_Call_GearSelector_IoHwAb_Gear_Get
                0x080029a8        0x8 Tools/rte/core/src/Rte.o
                0x080029a8                Rte_Call_GearSelector_IoHwAb_Gear_Get
 .text.Rte_Call_BrakeAcq_IoHwAb_Brake_Get
                0x080029b0        0x8 Tools/rte/core/src/Rte.o
                0x080029b0                Rte_Call_BrakeAcq_IoHwAb_Brake_Get
 .text.Rte_Call_PedalAcq_IoHwAb_Pedal_ReadPct
                0x080029b8        0x8 Tools/rte/core/src/Rte.o
                0x080029b8                Rte_Call_PedalAcq_IoHwAb_Pedal_ReadPct
 .text.Reset_Handler
                0x080029c0       0x44 Tools/platform/bsp/startup_stm32f10x_md.o
                0x080029c0                Reset_Handler
 .text.Default_Handler
                0x08002a04        0x2 Tools/platform/bsp/startup_stm32f10x_md.o
                0x08002a04                EXTI2_IRQHandler
                0x08002a04                DebugMon_Handler
                0x08002a04                TIM1_CC_IRQHandler
                0x08002a04                HardFault_Handler
                0x08002a04                PVD_IRQHandler
                0x08002a04                NMI_Handler
                0x08002a04                EXTI3_IRQHandler
                0x08002a04                EXTI0_IRQHandler
                0x08002a04                I2C2_EV_IRQHandler
                0x08002a04                UsageFault_Handler
                0x08002a04                ADC1_2_IRQHandler
                0x08002a04                SPI1_IRQHandler
                0x08002a04                TAMPER_IRQHandler
                0x08002a04                DMA1_Channel4_IRQHandler
                0x08002a04                USART3_IRQHandler
                0x08002a04                RTC_IRQHandler
                0x08002a04                DMA1_Channel7_IRQHandler
                0x08002a04                CAN1_RX1_IRQHandler
                0x08002a04                TIM4_IRQHandler
                0x08002a04                I2C1_EV_IRQHandler
                0x08002a04                DMA1_Channel6_IRQHandler
                0x08002a04                TIM3_IRQHandler
                0x08002a04                RCC_IRQHandler
                0x08002a04                TIM1_TRG_COM_IRQHandler
                0x08002a04                DMA1_Channel1_IRQHandler
                0x08002a04                Default_Handler
                0x08002a04                EXTI15_10_IRQHandler
                0x08002a04                EXTI9_5_IRQHandler
                0x08002a04                SPI2_IRQHandler
                0x08002a04                MemManage_Handler
                0x08002a04                DMA1_Channel5_IRQHandler
                0x08002a04                EXTI4_IRQHandler
                0x08002a04                DMA1_Channel3_IRQHandler
                0x08002a04                TIM1_UP_IRQHandler
                0x08002a04                WWDG_IRQHandler
                0x08002a04                TIM2_IRQHandler
                0x08002a04                TIM1_BRK_IRQHandler
                0x08002a04                EXTI1_IRQHandler
                0x08002a04                RTCAlarm_IRQHandler
                0x08002a04                USART2_IRQHandler
                0x08002a04                I2C2_ER_IRQHandler
                0x08002a04                DMA1_Channel2_IRQHandler
                0x08002a04                CAN1_SCE_IRQHandler
                0x08002a04                FLASH_IRQHandler
                0x08002a04                BusFault_Handler
                0x08002a04                USART1_IRQHandler
                0x08002a04                I2C1_ER_IRQHandler
                0x08002a04                USBWakeUp_IRQHandler
 *fill*         0x08002a06        0x2 
 .text          0x08002a08       0x68 Tools/bsw/services/os/arch/cortexm3_stm32f1/Os_Arch_Asm.o
                0x08002a08                PendSV_Handler
                0x08002a3e                SysTick_Handler
                0x08002a4a                SVC_Handler
 .text.__errno  0x08002a70        0xc d:/bkeu/hala/10 2021.10/bin/../lib/gcc/arm-none-eabi/10.3.1/../../../../arm-none-eabi/lib/thumb/v7-m/nofp\libc_nano.a(lib_a-errno.o)
                0x08002a70                __errno
 .text.memcpy   0x08002a7c       0x1c d:/bkeu/hala/10 2021.10/bin/../lib/gcc/arm-none-eabi/10.3.1/../../../../arm-none-eabi/lib/thumb/v7-m/nofp\libc_nano.a(lib_a-memcpy-stub.o)
                0x08002a7c                memcpy
 .text.memset   0x08002a98       0x10 d:/bkeu/hala/10 2021.10/bin/../lib/gcc/arm-none-eabi/10.3.1/../../../../arm-none-eabi/lib/thumb/v7-m/nofp\libc_nano.a(lib_a-memset.o)
                0x08002a98                memset
 .text.printf   0x08002aa8       0x30 d:/bkeu/hala/10 2021.10/bin/../lib/gcc/arm-none-eabi/10.3.1/../../../../arm-none-eabi/lib/thumb/v7-m/nofp\libc_nano.a(lib_a-printf.o)
                0x08002aa8                iprintf
                0x08002aa8                printf
 .text.std      0x08002ad8       0x48 d:/bkeu/hala/10 2021.10/bin/../lib/gcc/arm-none-eabi/10.3.1/../../../../arm-none-eabi/lib/thumb/v7-m/nofp\libc_nano.a(lib_a-findfp.o)
 .text._cleanup_r
                0x08002b20        0xc d:/bkeu/hala/10 2021.10/bin/../lib/gcc/arm-none-eabi/10.3.1/../../../../arm-none-eabi/lib/thumb/v7-m/nofp\libc_nano.a(lib_a-findfp.o)
                0x08002b20                _cleanup_r
 .text.__sfmoreglue
                0x08002b2c       0x2c d:/bkeu/hala/10 2021.10/bin/../lib/gcc/arm-none-eabi/10.3.1/../../../../arm-none-eabi/lib/thumb/v7-m/nofp\libc_nano.a(lib_a-findfp.o)
                0x08002b2c                __sfmoreglue
 .text.__sfp_lock_acquire
                0x08002b58        0xc d:/bkeu/hala/10 2021.10/bin/../lib/gcc/arm-none-eabi/10.3.1/../../../../arm-none-eabi/lib/thumb/v7-m/nofp\libc_nano.a(lib_a-findfp.o)
                0x08002b58                __sfp_lock_acquire
 .text.__sfp_lock_release
                0x08002b64        0xc d:/bkeu/hala/10 2021.10/bin/../lib/gcc/arm-none-eabi/10.3.1/../../../../arm-none-eabi/lib/thumb/v7-m/nofp\libc_nano.a(lib_a-findfp.o)
                0x08002b64                __sfp_lock_release
 .text.__sinit_lock_acquire
                0x08002b70        0xc d:/bkeu/hala/10 2021.10/bin/../lib/gcc/arm-none-eabi/10.3.1/../../../../arm-none-eabi/lib/thumb/v7-m/nofp\libc_nano.a(lib_a-findfp.o)
                0x08002b70                __sinit_lock_acquire
 .text.__sinit_lock_release
                0x08002b7c        0xc d:/bkeu/hala/10 2021.10/bin/../lib/gcc/arm-none-eabi/10.3.1/../../../../arm-none-eabi/lib/thumb/v7-m/nofp\libc_nano.a(lib_a-findfp.o)
                0x08002b7c                __sinit_lock_release
 .text.__sinit  0x08002b88       0x70 d:/bkeu/hala/10 2021.10/bin/../lib/gcc/arm-none-eabi/10.3.1/../../../../arm-none-eabi/lib/thumb/v7-m/nofp\libc_nano.a(lib_a-findfp.o)
                0x08002b88                __sinit
 .text.__sfp    0x08002bf8       0x8c d:/bkeu/hala/10 2021.10/bin/../lib/gcc/arm-none-eabi/10.3.1/../../../../arm-none-eabi/lib/thumb/v7-m/nofp\libc_nano.a(lib_a-findfp.o)
                0x08002bf8                __sfp
 .text._fwalk_reent
                0x08002c84       0x3e d:/bkeu/hala/10 2021.10/bin/../lib/gcc/arm-none-eabi/10.3.1/../../../../arm-none-eabi/lib/thumb/v7-m/nofp\libc_nano.a(lib_a-fwalk.o)
                0x08002c84                _fwalk_reent
 .text.__retarget_lock_init_recursive
                0x08002cc2        0x2 d:/bkeu/hala/10 2021.10/bin/../lib/gcc/arm-none-eabi/10.3.1/../../../../arm-none-eabi/lib/thumb/v7-m/nofp\libc_nano.a(lib_a-lock.o)
                0x08002cc2                __retarget_lock_init_recursive
 .text.__retarget_lock_acquire_recursive
                0x08002cc4        0x2 d:/bkeu/hala/10 2021.10/bin/../lib/gcc/arm-none-eabi/10.3.1/../../../../arm-none-eabi/lib/thumb/v7-m/nofp\libc_nano.a(lib_a-lock.o)
                0x08002cc4                __retarget_lock_acquire_recursive
 .text.__retarget_lock_release_recursive
                0x08002cc6        0x2 d:/bkeu/hala/10 2021.10/bin/../lib/gcc/arm-none-eabi/10.3.1/../../../../arm-none-eabi/lib/thumb/v7-m/nofp\libc_nano.a(lib_a-lock.o)
                0x08002cc6                __retarget_lock_release_recursive
 .text.sbrk_aligned
                0x08002cc8       0x40 d:/bkeu/hala/10 2021.10/bin/../lib/gcc/arm-none-eabi/10.3.1/../../../../arm-none-eabi/lib/thumb/v7-m/nofp\libc_nano.a(lib_a-nano-mallocr.o)
 .text._malloc_r
                0x08002d08       0xe8 d:/bkeu/hala/10 2021.10/bin/../lib/gcc/arm-none-eabi/10.3.1/../../../../arm-none-eabi/lib/thumb/v7-m/nofp\libc_nano.a(lib_a-nano-mallocr.o)
                0x08002d08                _malloc_r
 .text.__sfputc_r
                0x08002df0       0x2a d:/bkeu/hala/10 2021.10/bin/../lib/gcc/arm-none-eabi/10.3.1/../../../../arm-none-eabi/lib/thumb/v7-m/nofp\libc_nano.a(lib_a-nano-vfprintf.o)
 .text.__sfputs_r
                0x08002e1a       0x24 d:/bkeu/hala/10 2021.10/bin/../lib/gcc/arm-none-eabi/10.3.1/../../../../arm-none-eabi/lib/thumb/v7-m/nofp\libc_nano.a(lib_a-nano-vfprintf.o)
                0x08002e1a                __sfputs_r
 *fill*         0x08002e3e        0x2 
 .text._vfprintf_r
                0x08002e40      0x260 d:/bkeu/hala/10 2021.10/bin/../lib/gcc/arm-none-eabi/10.3.1/../../../../arm-none-eabi/lib/thumb/v7-m/nofp\libc_nano.a(lib_a-nano-vfprintf.o)
                0x08002e40                _vfprintf_r
                0x08002e40                _vfiprintf_r
 .text._printf_common
                0x080030a0       0xde d:/bkeu/hala/10 2021.10/bin/../lib/gcc/arm-none-eabi/10.3.1/../../../../arm-none-eabi/lib/thumb/v7-m/nofp\libc_nano.a(lib_a-nano-vfprintf_i.o)
                0x080030a0                _printf_common
 *fill*         0x0800317e        0x2 
 .text._printf_i
                0x08003180      0x24c d:/bkeu/hala/10 2021.10/bin/../lib/gcc/arm-none-eabi/10.3.1/../../../../arm-none-eabi/lib/thumb/v7-m/nofp\libc_nano.a(lib_a-nano-vfprintf_i.o)
                0x08003180                _printf_i
 .text._sbrk_r  0x080033cc       0x20 d:/bkeu/hala/10 2021.10/bin/../lib/gcc/arm-none-eabi/10.3.1/../../../../arm-none-eabi/lib/thumb/v7-m/nofp\libc_nano.a(lib_a-sbrkr.o)
                0x080033cc                _sbrk_r
 .text.__sread  0x080033ec       0x22 d:/bkeu/hala/10 2021.10/bin/../lib/gcc/arm-none-eabi/10.3.1/../../../../arm-none-eabi/lib/thumb/v7-m/nofp\libc_nano.a(lib_a-stdio.o)
                0x080033ec                __sread
 .text.__swrite
                0x0800340e       0x38 d:/bkeu/hala/10 2021.10/bin/../lib/gcc/arm-none-eabi/10.3.1/../../../../arm-none-eabi/lib/thumb/v7-m/nofp\libc_nano.a(lib_a-stdio.o)
                0x0800340e                __swrite
 .text.__sseek  0x08003446       0x24 d:/bkeu/hala/10 2021.10/bin/../lib/gcc/arm-none-eabi/10.3.1/../../../../arm-none-eabi/lib/thumb/v7-m/nofp\libc_nano.a(lib_a-stdio.o)
                0x08003446                __sseek
 .text.__sclose
                0x0800346a        0x8 d:/bkeu/hala/10 2021.10/bin/../lib/gcc/arm-none-eabi/10.3.1/../../../../arm-none-eabi/lib/thumb/v7-m/nofp\libc_nano.a(lib_a-stdio.o)
                0x0800346a                __sclose
 *fill*         0x08003472        0x2 
 .text.__swbuf_r
                0x08003474       0xa4 d:/bkeu/hala/10 2021.10/bin/../lib/gcc/arm-none-eabi/10.3.1/../../../../arm-none-eabi/lib/thumb/v7-m/nofp\libc_nano.a(lib_a-wbuf.o)
                0x08003474                __swbuf_r
 .text._write_r
                0x08003518       0x24 d:/bkeu/hala/10 2021.10/bin/../lib/gcc/arm-none-eabi/10.3.1/../../../../arm-none-eabi/lib/thumb/v7-m/nofp\libc_nano.a(lib_a-writer.o)
                0x08003518                _write_r
 .text.__swsetup_r
                0x0800353c       0xdc d:/bkeu/hala/10 2021.10/bin/../lib/gcc/arm-none-eabi/10.3.1/../../../../arm-none-eabi/lib/thumb/v7-m/nofp\libc_nano.a(lib_a-wsetup.o)
                0x0800353c                __swsetup_r
 .text._close_r
                0x08003618       0x20 d:/bkeu/hala/10 2021.10/bin/../lib/gcc/arm-none-eabi/10.3.1/../../../../arm-none-eabi/lib/thumb/v7-m/nofp\libc_nano.a(lib_a-closer.o)
                0x08003618                _close_r
 .text.__sflush_r
                0x08003638      0x104 d:/bkeu/hala/10 2021.10/bin/../lib/gcc/arm-none-eabi/10.3.1/../../../../arm-none-eabi/lib/thumb/v7-m/nofp\libc_nano.a(lib_a-fflush.o)
                0x08003638                __sflush_r
 .text._fflush_r
                0x0800373c       0x78 d:/bkeu/hala/10 2021.10/bin/../lib/gcc/arm-none-eabi/10.3.1/../../../../arm-none-eabi/lib/thumb/v7-m/nofp\libc_nano.a(lib_a-fflush.o)
                0x0800373c                _fflush_r
 .text._lseek_r
                0x080037b4       0x24 d:/bkeu/hala/10 2021.10/bin/../lib/gcc/arm-none-eabi/10.3.1/../../../../arm-none-eabi/lib/thumb/v7-m/nofp\libc_nano.a(lib_a-lseekr.o)
                0x080037b4                _lseek_r
 .text.__swhatbuf_r
                0x080037d8       0x4a d:/bkeu/hala/10 2021.10/bin/../lib/gcc/arm-none-eabi/10.3.1/../../../../arm-none-eabi/lib/thumb/v7-m/nofp\libc_nano.a(lib_a-makebuf.o)
                0x080037d8                __swhatbuf_r
 *fill*         0x08003822        0x2 
 .text.__smakebuf_r
                0x08003824       0x80 d:/bkeu/hala/10 2021.10/bin/../lib/gcc/arm-none-eabi/10.3.1/../../../../arm-none-eabi/lib/thumb/v7-m/nofp\libc_nano.a(lib_a-makebuf.o)
                0x08003824                __smakebuf_r
 .text.memchr   0x080038a4       0x1c d:/bkeu/hala/10 2021.10/bin/../lib/gcc/arm-none-eabi/10.3.1/../../../../arm-none-eabi/lib/thumb/v7-m/nofp\libc_nano.a(lib_a-memchr-stub.o)
                0x080038a4                memchr
 .text.__malloc_lock
                0x080038c0        0xc d:/bkeu/hala/10 2021.10/bin/../lib/gcc/arm-none-eabi/10.3.1/../../../../arm-none-eabi/lib/thumb/v7-m/nofp\libc_nano.a(lib_a-mlock.o)
                0x080038c0                __malloc_lock
 .text.__malloc_unlock
                0x080038cc        0xc d:/bkeu/hala/10 2021.10/bin/../lib/gcc/arm-none-eabi/10.3.1/../../../../arm-none-eabi/lib/thumb/v7-m/nofp\libc_nano.a(lib_a-mlock.o)
                0x080038cc                __malloc_unlock
 .text._free_r  0x080038d8       0x90 d:/bkeu/hala/10 2021.10/bin/../lib/gcc/arm-none-eabi/10.3.1/../../../../arm-none-eabi/lib/thumb/v7-m/nofp\libc_nano.a(lib_a-nano-freer.o)
                0x080038d8                _free_r
 .text._read_r  0x08003968       0x24 d:/bkeu/hala/10 2021.10/bin/../lib/gcc/arm-none-eabi/10.3.1/../../../../arm-none-eabi/lib/thumb/v7-m/nofp\libc_nano.a(lib_a-readr.o)
                0x08003968                _read_r
 .text._fstat_r
                0x0800398c       0x24 d:/bkeu/hala/10 2021.10/bin/../lib/gcc/arm-none-eabi/10.3.1/../../../../arm-none-eabi/lib/thumb/v7-m/nofp\libc_nano.a(lib_a-fstatr.o)
                0x0800398c                _fstat_r
 .text._isatty_r
                0x080039b0       0x20 d:/bkeu/hala/10 2021.10/bin/../lib/gcc/arm-none-eabi/10.3.1/../../../../arm-none-eabi/lib/thumb/v7-m/nofp\libc_nano.a(lib_a-isattyr.o)
                0x080039b0                _isatty_r
 .text          0x080039d0       0x30 d:/bkeu/hala/10 2021.10/bin/../lib/gcc/arm-none-eabi/10.3.1/thumb/v7-m/nofp\libgcc.a(_aeabi_uldivmod.o)
                0x080039d0                __aeabi_uldivmod
 .text          0x08003a00      0x2d4 d:/bkeu/hala/10 2021.10/bin/../lib/gcc/arm-none-eabi/10.3.1/thumb/v7-m/nofp\libgcc.a(_udivmoddi4.o)
                0x08003a00                __udivmoddi4
 .text          0x08003cd4        0x4 d:/bkeu/hala/10 2021.10/bin/../lib/gcc/arm-none-eabi/10.3.1/thumb/v7-m/nofp\libgcc.a(_dvmd_tls.o)
                0x08003cd4                __aeabi_idiv0
                0x08003cd4                __aeabi_ldiv0
 *(.rodata*)
 .rodata.Task_B.str1.4
                0x08003cd8       0x1a Tools/app/tasks/Task_B.o
 *fill*         0x08003cf2        0x2 
 .rodata.str1.4
                0x08003cf4       0x2e Tools/bsw/services/os/src/Os_Task.o
 *fill*         0x08003d22        0x2 
 .rodata.Os_TaskConfig
                0x08003d24       0xb4 Tools/bsw/services/os/src/Os_Task.o
                0x08003d24                Os_TaskConfig
 .rodata.EcuM_Init.str1.4
                0x08003dd8       0x1b Tools/bsw/services/ecum/EcuM.o
 *fill*         0x08003df3        0x1 
 .rodata.EcuM_StartupTwo.str1.4
                0x08003df4       0x2f Tools/bsw/services/ecum/EcuM.o
 *fill*         0x08003e23        0x1 
 .rodata.Can_Config
                0x08003e24       0x1c Tools/cfg/mcal/Can_Cfg.o
                0x08003e24                Can_Config
 .rodata.PortCfg_Pins
                0x08003e40       0x48 Tools/cfg/mcal/Port_cfg.o
                0x08003e40                PortCfg_Pins
 .rodata.portConfig
                0x08003e88        0x8 Tools/cfg/mcal/Port_cfg.o
                0x08003e88                portConfig
 .rodata.IoHwAb1_Config
                0x08003e90        0xc Tools/cfg/ecua/IoHwAb_Digital_Cfg.o
                0x08003e90                IoHwAb1_Config
 .rodata.Com_IPduCfg
                0x08003e9c       0x18 Tools/cfg/communication/Com_Cfg.o
                0x08003e9c                Com_IPduCfg
 .rodata.Com_SignalCfg
                0x08003eb4       0x30 Tools/cfg/communication/Com_Cfg.o
                0x08003eb4                Com_SignalCfg
 .rodata.CanIfRxRoutingTable
                0x08003ee4        0x8 Tools/cfg/communication/PduR_Cfg.o
                0x08003ee4                CanIfRxRoutingTable
 .rodata.ComTxRoutingTable
                0x08003eec        0x8 Tools/cfg/communication/PduR_Cfg.o
                0x08003eec                ComTxRoutingTable
 .rodata.PduR_Config
                0x08003ef4        0xc Tools/cfg/communication/PduR_Cfg.o
                0x08003ef4                PduR_Config
 .rodata.Swc_BrakeAcq_Init.str1.4
                0x08003f00       0x20 Tools/swc/Swc_BrakeAcq/Swc_BrakeAcq.o
 .rodata.Swc_CmdComposer_Init.str1.4
                0x08003f20       0x41 Tools/swc/Swc_CmdComposer/Swc_CmdComposer.o
 *fill*         0x08003f61        0x3 
 .rodata.Swc_DriveModeMgr_Init.str1.4
                0x08003f64       0x24 Tools/swc/Swc_DriveModeMgr/Swc_DriveModeMgr.o
 .rodata.Swc_GearSelector_Init.str1.4
                0x08003f88       0x24 Tools/swc/Swc_GearSelector/Swc_GearSelector.o
 .rodata.Swc_PedalAcq_Init.str1.4
                0x08003fac       0x20 Tools/swc/Swc_PedalAcq/Swc_PedalAcq.o
 .rodata.Swc_SafetyManager_Init.str1.4
                0x08003fcc       0x43 Tools/swc/Swc_SafetyManager/Swc_SafetyManager.o
 *fill*         0x0800400f        0x1 
 .rodata._global_impure_ptr
                0x08004010        0x4 d:/bkeu/hala/10 2021.10/bin/../lib/gcc/arm-none-eabi/10.3.1/../../../../arm-none-eabi/lib/thumb/v7-m/nofp\libc_nano.a(lib_a-impure.o)
                0x08004010                _global_impure_ptr
 .rodata.__sf_fake_stderr
                0x08004014       0x20 d:/bkeu/hala/10 2021.10/bin/../lib/gcc/arm-none-eabi/10.3.1/../../../../arm-none-eabi/lib/thumb/v7-m/nofp\libc_nano.a(lib_a-findfp.o)
                0x08004014                __sf_fake_stderr
 .rodata.__sf_fake_stdin
                0x08004034       0x20 d:/bkeu/hala/10 2021.10/bin/../lib/gcc/arm-none-eabi/10.3.1/../../../../arm-none-eabi/lib/thumb/v7-m/nofp\libc_nano.a(lib_a-findfp.o)
                0x08004034                __sf_fake_stdin
 .rodata.__sf_fake_stdout
                0x08004054       0x20 d:/bkeu/hala/10 2021.10/bin/../lib/gcc/arm-none-eabi/10.3.1/../../../../arm-none-eabi/lib/thumb/v7-m/nofp\libc_nano.a(lib_a-findfp.o)
                0x08004054                __sf_fake_stdout
 .rodata._vfprintf_r.str1.1
                0x08004074       0x11 d:/bkeu/hala/10 2021.10/bin/../lib/gcc/arm-none-eabi/10.3.1/../../../../arm-none-eabi/lib/thumb/v7-m/nofp\libc_nano.a(lib_a-nano-vfprintf.o)
 .rodata._printf_i.str1.1
                0x08004085       0x22 d:/bkeu/hala/10 2021.10/bin/../lib/gcc/arm-none-eabi/10.3.1/../../../../arm-none-eabi/lib/thumb/v7-m/nofp\libc_nano.a(lib_a-nano-vfprintf_i.o)
 *(.glue_7)
 .glue_7        0x080040a7        0x0 linker stubs
 *(.glue_7t)
 .glue_7t       0x080040a7        0x0 linker stubs

.vfp11_veneer   0x080040a8        0x0
 .vfp11_veneer  0x080040a8        0x0 linker stubs

.v4_bx          0x080040a8        0x0
 .v4_bx         0x080040a8        0x0 linker stubs

.iplt           0x080040a8        0x0
 .iplt          0x080040a8        0x0 Tools/app/main.o
                0x080040a8                . = ALIGN (0x4)

.ARM.extab
 *(.ARM.extab* .gnu.linkonce.armextab.*)
                0x080040a8                . = ALIGN (0x4)
                0x080040a8                __exidx_start = .

.ARM.exidx      0x080040a8        0x8
 *(.ARM.exidx* .gnu.linkonce.armexidx.*)
 .ARM.exidx     0x080040a8        0x8 d:/bkeu/hala/10 2021.10/bin/../lib/gcc/arm-none-eabi/10.3.1/thumb/v7-m/nofp\libgcc.a(_udivmoddi4.o)
                0x080040b0                __exidx_end = .

.rel.dyn        0x080040b0        0x0
 .rel.iplt      0x080040b0        0x0 Tools/app/main.o
                0x080040b0                . = ALIGN (0x4)
                0x080040b0                _etext = .

.data           0x20000000      0x21c load address 0x080040b0
                0x20000000                . = ALIGN (0x4)
                0x20000000                _sdata = .
 *(.data*)
 .data.Counter_tbl
                0x20000000       0x20 Tools/bsw/services/os/src/Os_Counter.o
                0x20000000                Counter_tbl
 .data.Adc_Configs
                0x20000020       0x94 Tools/cfg/mcal/Adc_cfg.o
                0x20000020                Adc_Configs
 .data.Adc_GroupConfigs
                0x200000b4       0xa8 Tools/cfg/mcal/Adc_cfg.o
                0x200000b4                Adc_GroupConfigs
 .data.My_CanIf_Config
                0x2000015c       0x1c Tools/cfg/communication/CanIf_Cfg.o
                0x2000015c                My_CanIf_Config
 .data.RoutingTable
                0x20000178       0x3c Tools/cfg/communication/CanIf_Cfg.o
                0x20000178                RoutingTable
 .data.SystemCoreClock
                0x200001b4        0x4 Tools/platform/spl/src/system_stm32f10x.o
                0x200001b4                SystemCoreClock
 .data._impure_ptr
                0x200001b8        0x4 d:/bkeu/hala/10 2021.10/bin/../lib/gcc/arm-none-eabi/10.3.1/../../../../arm-none-eabi/lib/thumb/v7-m/nofp\libc_nano.a(lib_a-impure.o)
                0x200001b8                _impure_ptr
 .data.impure_data
                0x200001bc       0x60 d:/bkeu/hala/10 2021.10/bin/../lib/gcc/arm-none-eabi/10.3.1/../../../../arm-none-eabi/lib/thumb/v7-m/nofp\libc_nano.a(lib_a-impure.o)
 *(.data.*)
                0x2000021c                . = ALIGN (0x4)
                0x2000021c                _edata = .
                0x080040b0                _sidata = LOADADDR (.data)

.igot.plt       0x2000021c        0x0 load address 0x080042cc
 .igot.plt      0x2000021c        0x0 Tools/app/main.o

.bss            0x2000021c     0x1750 load address 0x080042cc
                0x2000021c                . = ALIGN (0x4)
                0x2000021c                _sbss = .
 *(.bss*)
 .bss.ControllerMode
                0x2000021c        0x2 Tools/bsw/communication/canif/CanIf.o
 *fill*         0x2000021e        0x2 
 .bss.RxPduMode
                0x20000220        0x4 Tools/bsw/communication/canif/CanIf.o
 .bss.TxPduMode
                0x20000224        0x4 Tools/bsw/communication/canif/CanIf.o
 .bss.numControllers
                0x20000228        0x1 Tools/bsw/communication/canif/CanIf.o
 .bss.numRoutingEntries
                0x20000229        0x1 Tools/bsw/communication/canif/CanIf.o
 .bss.numRxPdus
                0x2000022a        0x1 Tools/bsw/communication/canif/CanIf.o
 .bss.numTxPdus
                0x2000022b        0x1 Tools/bsw/communication/canif/CanIf.o
 .bss.rxIndicationCallback
                0x2000022c        0x4 Tools/bsw/communication/canif/CanIf.o
                0x2000022c                rxIndicationCallback
 .bss.txConfirmationCallback
                0x20000230        0x4 Tools/bsw/communication/canif/CanIf.o
                0x20000230                txConfirmationCallback
 .bss.PduR_PBConfig
                0x20000234        0x4 Tools/bsw/communication/pdur/PduR.o
 .bss.PduR_State
                0x20000238        0x1 Tools/bsw/communication/pdur/PduR.o
 .bss.Routing_Enable
                0x20000239        0x1 Tools/bsw/communication/pdur/PduR.o
 .bss.Speed     0x2000023a        0x2 Tools/bsw/communication/com/Com.o
 .bss.mbx       0x2000023c        0x1 Tools/bsw/mcal/can/Can.o
 *fill*         0x2000023d        0x3 
 .bss.mbx_busy  0x20000240        0x3 Tools/bsw/mcal/can/Can.o
 *fill*         0x20000243        0x1 
 .bss.swPduHandle
                0x20000244        0xc Tools/bsw/mcal/can/Can.o
 .bss.Port_Initialized
                0x20000250        0x1 Tools/bsw/mcal/port/Port.o
 *fill*         0x20000251        0x3 
 .bss.Port_RuntimePins
                0x20000254       0x90 Tools/bsw/mcal/port/Port.o
 .bss.alarm_tbl
                0x200002e4       0x60 Tools/bsw/services/os/src/Os_Alarm.o
                0x200002e4                alarm_tbl
 .bss.s_tick    0x20000344        0x4 Tools/bsw/services/os/src/Os_Counter.o
                0x20000344                s_tick
 .bss.g_current
                0x20000348        0x4 Tools/bsw/services/os/src/Os_Task.o
                0x20000348                g_current
 .bss.g_next    0x2000034c        0x4 Tools/bsw/services/os/src/Os_Task.o
                0x2000034c                g_next
 .bss.ready_q   0x20000350        0x5 Tools/bsw/services/os/src/Os_Task.o
 .bss.rq_head   0x20000355        0x1 Tools/bsw/services/os/src/Os_Task.o
 .bss.rq_tail   0x20000356        0x1 Tools/bsw/services/os/src/Os_Task.o
 *fill*         0x20000357        0x1 
 .bss.stack     0x20000358     0x1400 Tools/bsw/services/os/src/Os_Task.o
 .bss.tcb       0x20001758       0xb4 Tools/bsw/services/os/src/Os_Task.o
                0x20001758                tcb
 .bss.EcuM_State
                0x2000180c        0x1 Tools/bsw/services/ecum/EcuM.o
 *fill*         0x2000180d        0x3 
 .bss.Adc_Group_Buffer
                0x20001810        0x4 Tools/cfg/mcal/Adc_cfg.o
                0x20001810                Adc_Group_Buffer
 .bss.rxCallback
                0x20001814        0x4 Tools/cfg/mcal/Can_Cfg.o
 .bss.s_RxBuf_EngStatus
                0x20001818        0x2 Tools/cfg/communication/Com_Cfg.o
                0x20001818                s_RxBuf_EngStatus
 *fill*         0x2000181a        0x2 
 .bss.s_TxBuf_VcuCommand
                0x2000181c        0x5 Tools/cfg/communication/Com_Cfg.o
                0x2000181c                s_TxBuf_VcuCommand
 *fill*         0x20001821        0x3 
 .bss.line.0    0x20001824      0x100 Tools/debug/semihost.o
 .bss.heap_end  0x20001924        0x4 Tools/debug/syscalls_min.o
 .bss.s_brake   0x20001928        0x4 Tools/swc/Swc_BrakeAcq/Swc_BrakeAcq.o
 .bss.s_cmd     0x2000192c        0x6 Tools/swc/Swc_CmdComposer/Swc_CmdComposer.o
 *fill*         0x20001932        0x2 
 .bss.s_mode    0x20001934        0x4 Tools/swc/Swc_DriveModeMgr/Swc_DriveModeMgr.o
 .bss.s_gear    0x20001938        0x4 Tools/swc/Swc_GearSelector/Swc_GearSelector.o
 .bss.s_pedal   0x2000193c        0x4 Tools/swc/Swc_PedalAcq/Swc_PedalAcq.o
 .bss.s_safety  0x20001940        0x9 Tools/swc/Swc_SafetyManager/Swc_SafetyManager.o
 .bss.Rte_Buffer_BrakeOut_BrakePressed
                0x20001949        0x1 Tools/rte/core/src/Rte.o
 .bss.Rte_Buffer_GearOut_Gear
                0x2000194a        0x1 Tools/rte/core/src/Rte.o
 .bss.Rte_Buffer_PedalOut_PedalPct
                0x2000194b        0x1 Tools/rte/core/src/Rte.o
 .bss.Rte_Buffer_SafeOut_Cmd
                0x2000194c        0x4 Tools/rte/core/src/Rte.o
 .bss.Rte_Buffer_VcuCmdTx_Alive
                0x20001950        0x1 Tools/rte/core/src/Rte.o
 .bss.Rte_Buffer_VcuCmdTx_Brake
                0x20001951        0x1 Tools/rte/core/src/Rte.o
 .bss.Rte_Buffer_VcuCmdTx_Gear
                0x20001952        0x1 Tools/rte/core/src/Rte.o
 .bss.Rte_Buffer_VcuCmdTx_Mode
                0x20001953        0x1 Tools/rte/core/src/Rte.o
 .bss.Rte_Buffer_VcuCmdTx_Throttle
                0x20001954        0x1 Tools/rte/core/src/Rte.o
 .bss.Rte_Core_Started
                0x20001955        0x1 Tools/rte/core/src/Rte.o
 .bss.Rte_IsUpdated_BrakeOut_BrakePressed_Flag
                0x20001956        0x1 Tools/rte/core/src/Rte.o
 .bss.Rte_IsUpdated_GearOut_Gear_Flag
                0x20001957        0x1 Tools/rte/core/src/Rte.o
 .bss.Rte_IsUpdated_PedalOut_PedalPct_Flag
                0x20001958        0x1 Tools/rte/core/src/Rte.o
 .bss.Rte_IsUpdated_SafeOut_Cmd_Flag
                0x20001959        0x1 Tools/rte/core/src/Rte.o
 .bss.Rte_Mode_DriveMode_SwitchPendingAck
                0x2000195a        0x1 Tools/rte/core/src/Rte.o
 .bss.Rte_Mode_DriveMode_Value
                0x2000195b        0x1 Tools/rte/core/src/Rte.o
 .bss.Rte_Timing_Activated
                0x2000195c        0x1 Tools/rte/core/src/Rte.o
 .bss.__lock___malloc_recursive_mutex
                0x2000195d        0x1 d:/bkeu/hala/10 2021.10/bin/../lib/gcc/arm-none-eabi/10.3.1/../../../../arm-none-eabi/lib/thumb/v7-m/nofp\libc_nano.a(lib_a-lock.o)
                0x2000195d                __lock___malloc_recursive_mutex
 .bss.__lock___sfp_recursive_mutex
                0x2000195e        0x1 d:/bkeu/hala/10 2021.10/bin/../lib/gcc/arm-none-eabi/10.3.1/../../../../arm-none-eabi/lib/thumb/v7-m/nofp\libc_nano.a(lib_a-lock.o)
                0x2000195e                __lock___sfp_recursive_mutex
 .bss.__lock___sinit_recursive_mutex
                0x2000195f        0x1 d:/bkeu/hala/10 2021.10/bin/../lib/gcc/arm-none-eabi/10.3.1/../../../../arm-none-eabi/lib/thumb/v7-m/nofp\libc_nano.a(lib_a-lock.o)
                0x2000195f                __lock___sinit_recursive_mutex
 .bss.__malloc_free_list
                0x20001960        0x4 d:/bkeu/hala/10 2021.10/bin/../lib/gcc/arm-none-eabi/10.3.1/../../../../arm-none-eabi/lib/thumb/v7-m/nofp\libc_nano.a(lib_a-nano-mallocr.o)
                0x20001960                __malloc_free_list
 .bss.__malloc_sbrk_start
                0x20001964        0x4 d:/bkeu/hala/10 2021.10/bin/../lib/gcc/arm-none-eabi/10.3.1/../../../../arm-none-eabi/lib/thumb/v7-m/nofp\libc_nano.a(lib_a-nano-mallocr.o)
                0x20001964                __malloc_sbrk_start
 .bss.errno     0x20001968        0x4 d:/bkeu/hala/10 2021.10/bin/../lib/gcc/arm-none-eabi/10.3.1/../../../../arm-none-eabi/lib/thumb/v7-m/nofp\libc_nano.a(lib_a-reent.o)
                0x20001968                errno
 *(COMMON)
                0x2000196c                . = ALIGN (0x4)
                0x2000196c                _ebss = .

/DISCARD/
 *(.note*)
 *(.comment*)
OUTPUT(Tools/os_test.elf elf32-littlearm)
LOAD linker stubs

.ARM.attributes
                0x00000000       0x2b
 .ARM.attributes
                0x00000000       0x2d Tools/app/main.o
 .ARM.attributes
                0x0000002d       0x2d Tools/app/tasks/InitTask.o
 .ARM.attributes
                0x0000005a       0x2d Tools/app/tasks/Task_A.o
 .ARM.attributes
                0x00000087       0x2d Tools/app/tasks/Task_B.o
 .ARM.attributes
                0x000000b4       0x2d Tools/app/tasks/Task_C.o
 .ARM.attributes
                0x000000e1       0x2d Tools/app/tasks/Task_Idle.o
 .ARM.attributes
                0x0000010e       0x2d Tools/bsw/communication/canif/CanIf.o
 .ARM.attributes
                0x0000013b       0x2d Tools/bsw/communication/pdur/PduR.o
 .ARM.attributes
                0x00000168       0x2d Tools/bsw/communication/com/Com.o
 .ARM.attributes
                0x00000195       0x2d Tools/bsw/ecua/iohwab/src/IoHwAb_Brake.o
 .ARM.attributes
                0x000001c2       0x2d Tools/bsw/ecua/iohwab/src/IoHwAb_Digital.o
 .ARM.attributes
                0x000001ef       0x2d Tools/bsw/ecua/iohwab/src/IoHwAb_Gear.o
 .ARM.attributes
                0x0000021c       0x2d Tools/bsw/ecua/iohwab/src/IoHwAb_Mode.o
 .ARM.attributes
                0x00000249       0x2d Tools/bsw/ecua/iohwab/src/IoHwAb_Pedal.o
 .ARM.attributes
                0x00000276       0x2d Tools/bsw/mcal/adc/Adc.o
 .ARM.attributes
                0x000002a3       0x2d Tools/bsw/mcal/can/Can.o
 .ARM.attributes
                0x000002d0       0x2d Tools/bsw/mcal/dio/Dio.o
 .ARM.attributes
                0x000002fd       0x2d Tools/bsw/mcal/port/Port.o
 .ARM.attributes
                0x0000032a       0x2d Tools/bsw/services/os/arch/cortexm3_stm32f1/Os_Arch.o
 .ARM.attributes
                0x00000357       0x2d Tools/bsw/services/os/src/Os_Alarm.o
 .ARM.attributes
                0x00000384       0x2d Tools/bsw/services/os/src/Os_Counter.o
 .ARM.attributes
                0x000003b1       0x2d Tools/bsw/services/os/src/Os_Event.o
 .ARM.attributes
                0x000003de       0x2d Tools/bsw/services/os/src/Os_Task.o
 .ARM.attributes
                0x0000040b       0x2d Tools/bsw/services/ecum/EcuM.o
 .ARM.attributes
                0x00000438       0x2d Tools/cfg/mcal/Adc_cfg.o
 .ARM.attributes
                0x00000465       0x2d Tools/cfg/mcal/Can_Cfg.o
 .ARM.attributes
                0x00000492       0x2d Tools/cfg/mcal/Port_cfg.o
 .ARM.attributes
                0x000004bf       0x2d Tools/cfg/ecua/IoHwAb_Digital_Cfg.o
 .ARM.attributes
                0x000004ec       0x2d Tools/cfg/communication/CanIf_Cfg.o
 .ARM.attributes
                0x00000519       0x2d Tools/cfg/communication/Com_Cfg.o
 .ARM.attributes
                0x00000546       0x2d Tools/cfg/communication/PduR_Cfg.o
 .ARM.attributes
                0x00000573       0x2d Tools/debug/semihost.o
 .ARM.attributes
                0x000005a0       0x2d Tools/debug/syscalls_min.o
 .ARM.attributes
                0x000005cd       0x2d Tools/platform/spl/src/stm32f10x_adc.o
 .ARM.attributes
                0x000005fa       0x2d Tools/platform/spl/src/stm32f10x_can.o
 .ARM.attributes
                0x00000627       0x2d Tools/platform/spl/src/stm32f10x_dma.o
 .ARM.attributes
                0x00000654       0x2d Tools/platform/spl/src/stm32f10x_gpio.o
 .ARM.attributes
                0x00000681       0x2d Tools/platform/spl/src/stm32f10x_rcc.o
 .ARM.attributes
                0x000006ae       0x2d Tools/platform/spl/src/system_stm32f10x.o
 .ARM.attributes
                0x000006db       0x2d Tools/swc/Swc_BrakeAcq/Swc_BrakeAcq.o
 .ARM.attributes
                0x00000708       0x2d Tools/swc/Swc_CmdComposer/Swc_CmdComposer.o
 .ARM.attributes
                0x00000735       0x2d Tools/swc/Swc_DriveModeMgr/Swc_DriveModeMgr.o
 .ARM.attributes
                0x00000762       0x2d Tools/swc/Swc_GearSelector/Swc_GearSelector.o
 .ARM.attributes
                0x0000078f       0x2d Tools/swc/Swc_PedalAcq/Swc_PedalAcq.o
 .ARM.attributes
                0x000007bc       0x2d Tools/swc/Swc_SafetyManager/Swc_SafetyManager.o
 .ARM.attributes
                0x000007e9       0x2d Tools/rte/core/src/Rte.o
 .ARM.attributes
                0x00000816       0x21 Tools/platform/bsp/startup_stm32f10x_md.o
 .ARM.attributes
                0x00000837       0x21 Tools/bsw/services/os/arch/cortexm3_stm32f1/Os_Arch_Asm.o
 .ARM.attributes
                0x00000858       0x2d d:/bkeu/hala/10 2021.10/bin/../lib/gcc/arm-none-eabi/10.3.1/../../../../arm-none-eabi/lib/thumb/v7-m/nofp\libc_nano.a(lib_a-errno.o)
 .ARM.attributes
                0x00000885       0x2d d:/bkeu/hala/10 2021.10/bin/../lib/gcc/arm-none-eabi/10.3.1/../../../../arm-none-eabi/lib/thumb/v7-m/nofp\libc_nano.a(lib_a-impure.o)
 .ARM.attributes
                0x000008b2       0x2d d:/bkeu/hala/10 2021.10/bin/../lib/gcc/arm-none-eabi/10.3.1/../../../../arm-none-eabi/lib/thumb/v7-m/nofp\libc_nano.a(lib_a-memcpy-stub.o)
 .ARM.attributes
                0x000008df       0x2d d:/bkeu/hala/10 2021.10/bin/../lib/gcc/arm-none-eabi/10.3.1/../../../../arm-none-eabi/lib/thumb/v7-m/nofp\libc_nano.a(lib_a-memset.o)
 .ARM.attributes
                0x0000090c       0x2d d:/bkeu/hala/10 2021.10/bin/../lib/gcc/arm-none-eabi/10.3.1/../../../../arm-none-eabi/lib/thumb/v7-m/nofp\libc_nano.a(lib_a-printf.o)
 .ARM.attributes
                0x00000939       0x2d d:/bkeu/hala/10 2021.10/bin/../lib/gcc/arm-none-eabi/10.3.1/../../../../arm-none-eabi/lib/thumb/v7-m/nofp\libc_nano.a(lib_a-findfp.o)
 .ARM.attributes
                0x00000966       0x2d d:/bkeu/hala/10 2021.10/bin/../lib/gcc/arm-none-eabi/10.3.1/../../../../arm-none-eabi/lib/thumb/v7-m/nofp\libc_nano.a(lib_a-fwalk.o)
 .ARM.attributes
                0x00000993       0x2d d:/bkeu/hala/10 2021.10/bin/../lib/gcc/arm-none-eabi/10.3.1/../../../../arm-none-eabi/lib/thumb/v7-m/nofp\libc_nano.a(lib_a-lock.o)
 .ARM.attributes
                0x000009c0       0x2d d:/bkeu/hala/10 2021.10/bin/../lib/gcc/arm-none-eabi/10.3.1/../../../../arm-none-eabi/lib/thumb/v7-m/nofp\libc_nano.a(lib_a-nano-mallocr.o)
 .ARM.attributes
                0x000009ed       0x2d d:/bkeu/hala/10 2021.10/bin/../lib/gcc/arm-none-eabi/10.3.1/../../../../arm-none-eabi/lib/thumb/v7-m/nofp\libc_nano.a(lib_a-nano-vfprintf.o)
 .ARM.attributes
                0x00000a1a       0x2d d:/bkeu/hala/10 2021.10/bin/../lib/gcc/arm-none-eabi/10.3.1/../../../../arm-none-eabi/lib/thumb/v7-m/nofp\libc_nano.a(lib_a-nano-vfprintf_i.o)
 .ARM.attributes
                0x00000a47       0x2d d:/bkeu/hala/10 2021.10/bin/../lib/gcc/arm-none-eabi/10.3.1/../../../../arm-none-eabi/lib/thumb/v7-m/nofp\libc_nano.a(lib_a-sbrkr.o)
 .ARM.attributes
                0x00000a74       0x2d d:/bkeu/hala/10 2021.10/bin/../lib/gcc/arm-none-eabi/10.3.1/../../../../arm-none-eabi/lib/thumb/v7-m/nofp\libc_nano.a(lib_a-stdio.o)
 .ARM.attributes
                0x00000aa1       0x2d d:/bkeu/hala/10 2021.10/bin/../lib/gcc/arm-none-eabi/10.3.1/../../../../arm-none-eabi/lib/thumb/v7-m/nofp\libc_nano.a(lib_a-wbuf.o)
 .ARM.attributes
                0x00000ace       0x2d d:/bkeu/hala/10 2021.10/bin/../lib/gcc/arm-none-eabi/10.3.1/../../../../arm-none-eabi/lib/thumb/v7-m/nofp\libc_nano.a(lib_a-writer.o)
 .ARM.attributes
                0x00000afb       0x2d d:/bkeu/hala/10 2021.10/bin/../lib/gcc/arm-none-eabi/10.3.1/../../../../arm-none-eabi/lib/thumb/v7-m/nofp\libc_nano.a(lib_a-wsetup.o)
 .ARM.attributes
                0x00000b28       0x2d d:/bkeu/hala/10 2021.10/bin/../lib/gcc/arm-none-eabi/10.3.1/../../../../arm-none-eabi/lib/thumb/v7-m/nofp\libc_nano.a(lib_a-closer.o)
 .ARM.attributes
                0x00000b55       0x2d d:/bkeu/hala/10 2021.10/bin/../lib/gcc/arm-none-eabi/10.3.1/../../../../arm-none-eabi/lib/thumb/v7-m/nofp\libc_nano.a(lib_a-fflush.o)
 .ARM.attributes
                0x00000b82       0x2d d:/bkeu/hala/10 2021.10/bin/../lib/gcc/arm-none-eabi/10.3.1/../../../../arm-none-eabi/lib/thumb/v7-m/nofp\libc_nano.a(lib_a-lseekr.o)
 .ARM.attributes
                0x00000baf       0x2d d:/bkeu/hala/10 2021.10/bin/../lib/gcc/arm-none-eabi/10.3.1/../../../../arm-none-eabi/lib/thumb/v7-m/nofp\libc_nano.a(lib_a-makebuf.o)
 .ARM.attributes
                0x00000bdc       0x2d d:/bkeu/hala/10 2021.10/bin/../lib/gcc/arm-none-eabi/10.3.1/../../../../arm-none-eabi/lib/thumb/v7-m/nofp\libc_nano.a(lib_a-memchr-stub.o)
 .ARM.attributes
                0x00000c09       0x2d d:/bkeu/hala/10 2021.10/bin/../lib/gcc/arm-none-eabi/10.3.1/../../../../arm-none-eabi/lib/thumb/v7-m/nofp\libc_nano.a(lib_a-mlock.o)
 .ARM.attributes
                0x00000c36       0x2d d:/bkeu/hala/10 2021.10/bin/../lib/gcc/arm-none-eabi/10.3.1/../../../../arm-none-eabi/lib/thumb/v7-m/nofp\libc_nano.a(lib_a-nano-freer.o)
 .ARM.attributes
                0x00000c63       0x2d d:/bkeu/hala/10 2021.10/bin/../lib/gcc/arm-none-eabi/10.3.1/../../../../arm-none-eabi/lib/thumb/v7-m/nofp\libc_nano.a(lib_a-readr.o)
 .ARM.attributes
                0x00000c90       0x2d d:/bkeu/hala/10 2021.10/bin/../lib/gcc/arm-none-eabi/10.3.1/../../../../arm-none-eabi/lib/thumb/v7-m/nofp\libc_nano.a(lib_a-reent.o)
 .ARM.attributes
                0x00000cbd       0x2d d:/bkeu/hala/10 2021.10/bin/../lib/gcc/arm-none-eabi/10.3.1/../../../../arm-none-eabi/lib/thumb/v7-m/nofp\libc_nano.a(lib_a-fstatr.o)
 .ARM.attributes
                0x00000cea       0x2d d:/bkeu/hala/10 2021.10/bin/../lib/gcc/arm-none-eabi/10.3.1/../../../../arm-none-eabi/lib/thumb/v7-m/nofp\libc_nano.a(lib_a-isattyr.o)
 .ARM.attributes
                0x00000d17       0x1d d:/bkeu/hala/10 2021.10/bin/../lib/gcc/arm-none-eabi/10.3.1/thumb/v7-m/nofp\libgcc.a(_aeabi_uldivmod.o)
 .ARM.attributes
                0x00000d34       0x2d d:/bkeu/hala/10 2021.10/bin/../lib/gcc/arm-none-eabi/10.3.1/thumb/v7-m/nofp\libgcc.a(_udivmoddi4.o)
 .ARM.attributes
                0x00000d61       0x1d d:/bkeu/hala/10 2021.10/bin/../lib/gcc/arm-none-eabi/10.3.1/thumb/v7-m/nofp\libgcc.a(_dvmd_tls.o)

.debug_info     0x00000000    0x10274
 .debug_info    0x00000000       0xef Tools/app/main.o
 .debug_info    0x000000ef      0x99c Tools/app/tasks/InitTask.o
 .debug_info    0x00000a8b      0x128 Tools/app/tasks/Task_A.o
 .debug_info    0x00000bb3      0x12b Tools/app/tasks/Task_B.o
 .debug_info    0x00000cde       0xd0 Tools/app/tasks/Task_C.o
 .debug_info    0x00000dae       0x9e Tools/app/tasks/Task_Idle.o
 .debug_info    0x00000e4c      0xbb0 Tools/bsw/communication/canif/CanIf.o
 .debug_info    0x000019fc      0x5df Tools/bsw/communication/pdur/PduR.o
 .debug_info    0x00001fdb      0x8d1 Tools/bsw/communication/com/Com.o
 .debug_info    0x000028ac      0x118 Tools/bsw/ecua/iohwab/src/IoHwAb_Brake.o
 .debug_info    0x000029c4      0x710 Tools/bsw/ecua/iohwab/src/IoHwAb_Digital.o
 .debug_info    0x000030d4      0x19f Tools/bsw/ecua/iohwab/src/IoHwAb_Gear.o
 .debug_info    0x00003273      0x133 Tools/bsw/ecua/iohwab/src/IoHwAb_Mode.o
 .debug_info    0x000033a6      0x16a Tools/bsw/ecua/iohwab/src/IoHwAb_Pedal.o
 .debug_info    0x00003510     0x1290 Tools/bsw/mcal/adc/Adc.o
 .debug_info    0x000047a0     0x12b3 Tools/bsw/mcal/can/Can.o
 .debug_info    0x00005a53      0x60e Tools/bsw/mcal/dio/Dio.o
 .debug_info    0x00006061      0x602 Tools/bsw/mcal/port/Port.o
 .debug_info    0x00006663      0x781 Tools/bsw/services/os/arch/cortexm3_stm32f1/Os_Arch.o
 .debug_info    0x00006de4      0x60e Tools/bsw/services/os/src/Os_Alarm.o
 .debug_info    0x000073f2      0x1e8 Tools/bsw/services/os/src/Os_Counter.o
 .debug_info    0x000075da      0x3b5 Tools/bsw/services/os/src/Os_Event.o
 .debug_info    0x0000798f      0x801 Tools/bsw/services/os/src/Os_Task.o
 .debug_info    0x00008190      0x163 Tools/bsw/services/ecum/EcuM.o
 .debug_info    0x000082f3      0x79e Tools/cfg/mcal/Adc_cfg.o
 .debug_info    0x00008a91      0x812 Tools/cfg/mcal/Can_Cfg.o
 .debug_info    0x000092a3      0x1e9 Tools/cfg/mcal/Port_cfg.o
 .debug_info    0x0000948c      0x59e Tools/cfg/ecua/IoHwAb_Digital_Cfg.o
 .debug_info    0x00009a2a      0x509 Tools/cfg/communication/CanIf_Cfg.o
 .debug_info    0x00009f33      0x284 Tools/cfg/communication/Com_Cfg.o
 .debug_info    0x0000a1b7      0x17c Tools/cfg/communication/PduR_Cfg.o
 .debug_info    0x0000a333      0x21e Tools/debug/semihost.o
 .debug_info    0x0000a551      0x530 Tools/debug/syscalls_min.o
 .debug_info    0x0000aa81      0xd3c Tools/platform/spl/src/stm32f10x_adc.o
 .debug_info    0x0000b7bd      0xe2b Tools/platform/spl/src/stm32f10x_can.o
 .debug_info    0x0000c5e8      0x49c Tools/platform/spl/src/stm32f10x_dma.o
 .debug_info    0x0000ca84      0x8fe Tools/platform/spl/src/stm32f10x_gpio.o
 .debug_info    0x0000d382      0x95f Tools/platform/spl/src/stm32f10x_rcc.o
 .debug_info    0x0000dce1      0x4bd Tools/platform/spl/src/system_stm32f10x.o
 .debug_info    0x0000e19e      0x1dd Tools/swc/Swc_BrakeAcq/Swc_BrakeAcq.o
 .debug_info    0x0000e37b      0x581 Tools/swc/Swc_CmdComposer/Swc_CmdComposer.o
 .debug_info    0x0000e8fc      0x243 Tools/swc/Swc_DriveModeMgr/Swc_DriveModeMgr.o
 .debug_info    0x0000eb3f      0x28b Tools/swc/Swc_GearSelector/Swc_GearSelector.o
 .debug_info    0x0000edca      0x2ab Tools/swc/Swc_PedalAcq/Swc_PedalAcq.o
 .debug_info    0x0000f075      0x584 Tools/swc/Swc_SafetyManager/Swc_SafetyManager.o
 .debug_info    0x0000f5f9      0xc7b Tools/rte/core/src/Rte.o

.debug_abbrev   0x00000000     0x4585
 .debug_abbrev  0x00000000       0x8f Tools/app/main.o
 .debug_abbrev  0x0000008f      0x14a Tools/app/tasks/InitTask.o
 .debug_abbrev  0x000001d9       0x67 Tools/app/tasks/Task_A.o
 .debug_abbrev  0x00000240       0xa0 Tools/app/tasks/Task_B.o
 .debug_abbrev  0x000002e0       0x85 Tools/app/tasks/Task_C.o
 .debug_abbrev  0x00000365       0x47 Tools/app/tasks/Task_Idle.o
 .debug_abbrev  0x000003ac      0x212 Tools/bsw/communication/canif/CanIf.o
 .debug_abbrev  0x000005be      0x1c9 Tools/bsw/communication/pdur/PduR.o
 .debug_abbrev  0x00000787      0x2dd Tools/bsw/communication/com/Com.o
 .debug_abbrev  0x00000a64       0xb5 Tools/bsw/ecua/iohwab/src/IoHwAb_Brake.o
 .debug_abbrev  0x00000b19      0x186 Tools/bsw/ecua/iohwab/src/IoHwAb_Digital.o
 .debug_abbrev  0x00000c9f       0xf2 Tools/bsw/ecua/iohwab/src/IoHwAb_Gear.o
 .debug_abbrev  0x00000d91       0xd1 Tools/bsw/ecua/iohwab/src/IoHwAb_Mode.o
 .debug_abbrev  0x00000e62       0xf8 Tools/bsw/ecua/iohwab/src/IoHwAb_Pedal.o
 .debug_abbrev  0x00000f5a      0x2bf Tools/bsw/mcal/adc/Adc.o
 .debug_abbrev  0x00001219      0x322 Tools/bsw/mcal/can/Can.o
 .debug_abbrev  0x0000153b      0x177 Tools/bsw/mcal/dio/Dio.o
 .debug_abbrev  0x000016b2      0x1fa Tools/bsw/mcal/port/Port.o
 .debug_abbrev  0x000018ac      0x23b Tools/bsw/services/os/arch/cortexm3_stm32f1/Os_Arch.o
 .debug_abbrev  0x00001ae7      0x253 Tools/bsw/services/os/src/Os_Alarm.o
 .debug_abbrev  0x00001d3a      0x104 Tools/bsw/services/os/src/Os_Counter.o
 .debug_abbrev  0x00001e3e      0x18a Tools/bsw/services/os/src/Os_Event.o
 .debug_abbrev  0x00001fc8      0x37b Tools/bsw/services/os/src/Os_Task.o
 .debug_abbrev  0x00002343       0xc7 Tools/bsw/services/ecum/EcuM.o
 .debug_abbrev  0x0000240a      0x1bb Tools/cfg/mcal/Adc_cfg.o
 .debug_abbrev  0x000025c5      0x1f6 Tools/cfg/mcal/Can_Cfg.o
 .debug_abbrev  0x000027bb       0xce Tools/cfg/mcal/Port_cfg.o
 .debug_abbrev  0x00002889       0xe1 Tools/cfg/ecua/IoHwAb_Digital_Cfg.o
 .debug_abbrev  0x0000296a      0x1a0 Tools/cfg/communication/CanIf_Cfg.o
 .debug_abbrev  0x00002b0a       0xaf Tools/cfg/communication/Com_Cfg.o
 .debug_abbrev  0x00002bb9       0x9c Tools/cfg/communication/PduR_Cfg.o
 .debug_abbrev  0x00002c55      0x18f Tools/debug/semihost.o
 .debug_abbrev  0x00002de4      0x17d Tools/debug/syscalls_min.o
 .debug_abbrev  0x00002f61      0x1fd Tools/platform/spl/src/stm32f10x_adc.o
 .debug_abbrev  0x0000315e      0x25e Tools/platform/spl/src/stm32f10x_can.o
 .debug_abbrev  0x000033bc      0x19f Tools/platform/spl/src/stm32f10x_dma.o
 .debug_abbrev  0x0000355b      0x223 Tools/platform/spl/src/stm32f10x_gpio.o
 .debug_abbrev  0x0000377e      0x207 Tools/platform/spl/src/stm32f10x_rcc.o
 .debug_abbrev  0x00003985      0x18a Tools/platform/spl/src/system_stm32f10x.o
 .debug_abbrev  0x00003b0f      0x107 Tools/swc/Swc_BrakeAcq/Swc_BrakeAcq.o
 .debug_abbrev  0x00003c16      0x1a2 Tools/swc/Swc_CmdComposer/Swc_CmdComposer.o
 .debug_abbrev  0x00003db8      0x153 Tools/swc/Swc_DriveModeMgr/Swc_DriveModeMgr.o
 .debug_abbrev  0x00003f0b      0x153 Tools/swc/Swc_GearSelector/Swc_GearSelector.o
 .debug_abbrev  0x0000405e      0x162 Tools/swc/Swc_PedalAcq/Swc_PedalAcq.o
 .debug_abbrev  0x000041c0      0x182 Tools/swc/Swc_SafetyManager/Swc_SafetyManager.o
 .debug_abbrev  0x00004342      0x243 Tools/rte/core/src/Rte.o

.debug_aranges  0x00000000      0xea8
 .debug_aranges
                0x00000000       0x20 Tools/app/main.o
 .debug_aranges
                0x00000020       0x20 Tools/app/tasks/InitTask.o
 .debug_aranges
                0x00000040       0x20 Tools/app/tasks/Task_A.o
 .debug_aranges
                0x00000060       0x20 Tools/app/tasks/Task_B.o
 .debug_aranges
                0x00000080       0x20 Tools/app/tasks/Task_C.o
 .debug_aranges
                0x000000a0       0x20 Tools/app/tasks/Task_Idle.o
 .debug_aranges
                0x000000c0       0x90 Tools/bsw/communication/canif/CanIf.o
 .debug_aranges
                0x00000150       0x50 Tools/bsw/communication/pdur/PduR.o
 .debug_aranges
                0x000001a0       0x68 Tools/bsw/communication/com/Com.o
 .debug_aranges
                0x00000208       0x20 Tools/bsw/ecua/iohwab/src/IoHwAb_Brake.o
 .debug_aranges
                0x00000228       0x30 Tools/bsw/ecua/iohwab/src/IoHwAb_Digital.o
 .debug_aranges
                0x00000258       0x20 Tools/bsw/ecua/iohwab/src/IoHwAb_Gear.o
 .debug_aranges
                0x00000278       0x20 Tools/bsw/ecua/iohwab/src/IoHwAb_Mode.o
 .debug_aranges
                0x00000298       0x20 Tools/bsw/ecua/iohwab/src/IoHwAb_Pedal.o
 .debug_aranges
                0x000002b8       0x88 Tools/bsw/mcal/adc/Adc.o
 .debug_aranges
                0x00000340       0x80 Tools/bsw/mcal/can/Can.o
 .debug_aranges
                0x000003c0       0x60 Tools/bsw/mcal/dio/Dio.o
 .debug_aranges
                0x00000420       0x48 Tools/bsw/mcal/port/Port.o
 .debug_aranges
                0x00000468       0x40 Tools/bsw/services/os/arch/cortexm3_stm32f1/Os_Arch.o
 .debug_aranges
                0x000004a8       0x40 Tools/bsw/services/os/src/Os_Alarm.o
 .debug_aranges
                0x000004e8       0x28 Tools/bsw/services/os/src/Os_Counter.o
 .debug_aranges
                0x00000510       0x38 Tools/bsw/services/os/src/Os_Event.o
 .debug_aranges
                0x00000548       0x78 Tools/bsw/services/os/src/Os_Task.o
 .debug_aranges
                0x000005c0       0x28 Tools/bsw/services/ecum/EcuM.o
 .debug_aranges
                0x000005e8       0x38 Tools/cfg/mcal/Adc_cfg.o
 .debug_aranges
                0x00000620       0x38 Tools/cfg/mcal/Can_Cfg.o
 .debug_aranges
                0x00000658       0x18 Tools/cfg/mcal/Port_cfg.o
 .debug_aranges
                0x00000670       0x18 Tools/cfg/ecua/IoHwAb_Digital_Cfg.o
 .debug_aranges
                0x00000688       0x38 Tools/cfg/communication/CanIf_Cfg.o
 .debug_aranges
                0x000006c0       0x18 Tools/cfg/communication/Com_Cfg.o
 .debug_aranges
                0x000006d8       0x18 Tools/cfg/communication/PduR_Cfg.o
 .debug_aranges
                0x000006f0       0x20 Tools/debug/semihost.o
 .debug_aranges
                0x00000710       0x48 Tools/debug/syscalls_min.o
 .debug_aranges
                0x00000758      0x138 Tools/platform/spl/src/stm32f10x_adc.o
 .debug_aranges
                0x00000890       0xe0 Tools/platform/spl/src/stm32f10x_can.o
 .debug_aranges
                0x00000970       0x70 Tools/platform/spl/src/stm32f10x_dma.o
 .debug_aranges
                0x000009e0       0xa8 Tools/platform/spl/src/stm32f10x_gpio.o
 .debug_aranges
                0x00000a88      0x118 Tools/platform/spl/src/stm32f10x_rcc.o
 .debug_aranges
                0x00000ba0       0x38 Tools/platform/spl/src/system_stm32f10x.o
 .debug_aranges
                0x00000bd8       0x30 Tools/swc/Swc_BrakeAcq/Swc_BrakeAcq.o
 .debug_aranges
                0x00000c08       0x58 Tools/swc/Swc_CmdComposer/Swc_CmdComposer.o
 .debug_aranges
                0x00000c60       0x38 Tools/swc/Swc_DriveModeMgr/Swc_DriveModeMgr.o
 .debug_aranges
                0x00000c98       0x38 Tools/swc/Swc_GearSelector/Swc_GearSelector.o
 .debug_aranges
                0x00000cd0       0x38 Tools/swc/Swc_PedalAcq/Swc_PedalAcq.o
 .debug_aranges
                0x00000d08       0x50 Tools/swc/Swc_SafetyManager/Swc_SafetyManager.o
 .debug_aranges
                0x00000d58      0x150 Tools/rte/core/src/Rte.o

.debug_ranges   0x00000000      0xcf0
 .debug_ranges  0x00000000       0x10 Tools/app/main.o
 .debug_ranges  0x00000010       0x10 Tools/app/tasks/InitTask.o
 .debug_ranges  0x00000020       0x10 Tools/app/tasks/Task_A.o
 .debug_ranges  0x00000030       0x10 Tools/app/tasks/Task_B.o
 .debug_ranges  0x00000040       0x10 Tools/app/tasks/Task_C.o
 .debug_ranges  0x00000050       0x10 Tools/app/tasks/Task_Idle.o
 .debug_ranges  0x00000060       0x80 Tools/bsw/communication/canif/CanIf.o
 .debug_ranges  0x000000e0       0x40 Tools/bsw/communication/pdur/PduR.o
 .debug_ranges  0x00000120       0xc8 Tools/bsw/communication/com/Com.o
 .debug_ranges  0x000001e8       0x10 Tools/bsw/ecua/iohwab/src/IoHwAb_Brake.o
 .debug_ranges  0x000001f8       0x20 Tools/bsw/ecua/iohwab/src/IoHwAb_Digital.o
 .debug_ranges  0x00000218       0x10 Tools/bsw/ecua/iohwab/src/IoHwAb_Gear.o
 .debug_ranges  0x00000228       0x10 Tools/bsw/ecua/iohwab/src/IoHwAb_Mode.o
 .debug_ranges  0x00000238       0x10 Tools/bsw/ecua/iohwab/src/IoHwAb_Pedal.o
 .debug_ranges  0x00000248       0xa8 Tools/bsw/mcal/adc/Adc.o
 .debug_ranges  0x000002f0       0x88 Tools/bsw/mcal/can/Can.o
 .debug_ranges  0x00000378       0x50 Tools/bsw/mcal/dio/Dio.o
 .debug_ranges  0x000003c8       0x38 Tools/bsw/mcal/port/Port.o
 .debug_ranges  0x00000400       0x30 Tools/bsw/services/os/arch/cortexm3_stm32f1/Os_Arch.o
 .debug_ranges  0x00000430       0x48 Tools/bsw/services/os/src/Os_Alarm.o
 .debug_ranges  0x00000478       0x18 Tools/bsw/services/os/src/Os_Counter.o
 .debug_ranges  0x00000490       0x28 Tools/bsw/services/os/src/Os_Event.o
 .debug_ranges  0x000004b8       0x80 Tools/bsw/services/os/src/Os_Task.o
 .debug_ranges  0x00000538       0x18 Tools/bsw/services/ecum/EcuM.o
 .debug_ranges  0x00000550       0x40 Tools/cfg/mcal/Adc_cfg.o
 .debug_ranges  0x00000590       0x28 Tools/cfg/mcal/Can_Cfg.o
 .debug_ranges  0x000005b8       0x28 Tools/cfg/communication/CanIf_Cfg.o
 .debug_ranges  0x000005e0       0x28 Tools/debug/semihost.o
 .debug_ranges  0x00000608       0x50 Tools/debug/syscalls_min.o
 .debug_ranges  0x00000658      0x128 Tools/platform/spl/src/stm32f10x_adc.o
 .debug_ranges  0x00000780       0xd0 Tools/platform/spl/src/stm32f10x_can.o
 .debug_ranges  0x00000850       0x60 Tools/platform/spl/src/stm32f10x_dma.o
 .debug_ranges  0x000008b0       0x98 Tools/platform/spl/src/stm32f10x_gpio.o
 .debug_ranges  0x00000948      0x108 Tools/platform/spl/src/stm32f10x_rcc.o
 .debug_ranges  0x00000a50       0x28 Tools/platform/spl/src/system_stm32f10x.o
 .debug_ranges  0x00000a78       0x20 Tools/swc/Swc_BrakeAcq/Swc_BrakeAcq.o
 .debug_ranges  0x00000a98       0x48 Tools/swc/Swc_CmdComposer/Swc_CmdComposer.o
 .debug_ranges  0x00000ae0       0x28 Tools/swc/Swc_DriveModeMgr/Swc_DriveModeMgr.o
 .debug_ranges  0x00000b08       0x28 Tools/swc/Swc_GearSelector/Swc_GearSelector.o
 .debug_ranges  0x00000b30       0x40 Tools/swc/Swc_PedalAcq/Swc_PedalAcq.o
 .debug_ranges  0x00000b70       0x40 Tools/swc/Swc_SafetyManager/Swc_SafetyManager.o
 .debug_ranges  0x00000bb0      0x140 Tools/rte/core/src/Rte.o

.debug_macro    0x00000000    0x132de
 .debug_macro   0x00000000      0x24e Tools/app/main.o
 .debug_macro   0x0000024e      0xa66 Tools/app/main.o
 .debug_macro   0x00000cb4      0x34e Tools/app/main.o
 .debug_macro   0x00001002       0x75 Tools/app/main.o
 .debug_macro   0x00001077       0x70 Tools/app/main.o
 .debug_macro   0x000010e7       0x2e Tools/app/main.o
 .debug_macro   0x00001115       0x5d Tools/app/main.o
 .debug_macro   0x00001172       0x1c Tools/app/main.o
 .debug_macro   0x0000118e       0x22 Tools/app/main.o
 .debug_macro   0x000011b0       0xbd Tools/app/main.o
 .debug_macro   0x0000126d      0xd00 Tools/app/main.o
 .debug_macro   0x00001f6d     0x7eb3 Tools/app/main.o
 .debug_macro   0x00009e20       0x10 Tools/app/main.o
 .debug_macro   0x00009e30       0x35 Tools/app/main.o
 .debug_macro   0x00009e65       0x22 Tools/app/main.o
 .debug_macro   0x00009e87       0x22 Tools/app/main.o
 .debug_macro   0x00009ea9       0x5e Tools/app/main.o
 .debug_macro   0x00009f07       0x18 Tools/app/main.o
 .debug_macro   0x00009f1f       0x94 Tools/app/main.o
 .debug_macro   0x00009fb3       0x35 Tools/app/main.o
 .debug_macro   0x00009fe8       0x34 Tools/app/main.o
 .debug_macro   0x0000a01c       0x16 Tools/app/main.o
 .debug_macro   0x0000a032       0x57 Tools/app/main.o
 .debug_macro   0x0000a089       0x97 Tools/app/main.o
 .debug_macro   0x0000a120      0x341 Tools/app/main.o
 .debug_macro   0x0000a461       0xfd Tools/app/main.o
 .debug_macro   0x0000a55e       0x10 Tools/app/main.o
 .debug_macro   0x0000a56e       0x16 Tools/app/main.o
 .debug_macro   0x0000a584       0x43 Tools/app/main.o
 .debug_macro   0x0000a5c7       0x34 Tools/app/main.o
 .debug_macro   0x0000a5fb       0x10 Tools/app/main.o
 .debug_macro   0x0000a60b       0x58 Tools/app/main.o
 .debug_macro   0x0000a663      0x182 Tools/app/main.o
 .debug_macro   0x0000a7e5       0x10 Tools/app/main.o
 .debug_macro   0x0000a7f5       0x6a Tools/app/main.o
 .debug_macro   0x0000a85f       0x1c Tools/app/main.o
 .debug_macro   0x0000a87b       0x52 Tools/app/main.o
 .debug_macro   0x0000a8cd       0x22 Tools/app/main.o
 .debug_macro   0x0000a8ef       0x10 Tools/app/main.o
 .debug_macro   0x0000a8ff       0x52 Tools/app/main.o
 .debug_macro   0x0000a951       0xd5 Tools/app/main.o
 .debug_macro   0x0000aa26       0x1c Tools/app/main.o
 .debug_macro   0x0000aa42       0x3d Tools/app/main.o
 .debug_macro   0x0000aa7f       0x16 Tools/app/main.o
 .debug_macro   0x0000aa95      0x16f Tools/app/main.o
 .debug_macro   0x0000ac04      0x3dc Tools/app/tasks/InitTask.o
 .debug_macro   0x0000afe0       0x28 Tools/app/tasks/InitTask.o
 .debug_macro   0x0000b008       0x4e Tools/app/tasks/InitTask.o
 .debug_macro   0x0000b056      0x1bc Tools/app/tasks/InitTask.o
 .debug_macro   0x0000b212      0x2a6 Tools/app/tasks/InitTask.o
 .debug_macro   0x0000b4b8       0x9a Tools/app/tasks/InitTask.o
 .debug_macro   0x0000b552      0x2e4 Tools/app/tasks/InitTask.o
 .debug_macro   0x0000b836      0x3e2 Tools/app/tasks/InitTask.o
 .debug_macro   0x0000bc18      0x3ad Tools/app/tasks/InitTask.o
 .debug_macro   0x0000bfc5       0x28 Tools/app/tasks/InitTask.o
 .debug_macro   0x0000bfed      0x711 Tools/app/tasks/InitTask.o
 .debug_macro   0x0000c6fe       0x22 Tools/app/tasks/InitTask.o
 .debug_macro   0x0000c720       0x10 Tools/app/tasks/InitTask.o
 .debug_macro   0x0000c730      0x3cf Tools/app/tasks/InitTask.o
 .debug_macro   0x0000caff       0x28 Tools/app/tasks/InitTask.o
 .debug_macro   0x0000cb27       0x28 Tools/app/tasks/InitTask.o
 .debug_macro   0x0000cb4f       0x40 Tools/app/tasks/InitTask.o
 .debug_macro   0x0000cb8f       0x10 Tools/app/tasks/InitTask.o
 .debug_macro   0x0000cb9f       0x22 Tools/app/tasks/InitTask.o
 .debug_macro   0x0000cbc1      0x36f Tools/app/tasks/Task_A.o
 .debug_macro   0x0000cf30      0x276 Tools/app/tasks/Task_B.o
 .debug_macro   0x0000d1a6      0x3c9 Tools/app/tasks/Task_B.o
 .debug_macro   0x0000d56f      0x240 Tools/app/tasks/Task_C.o
 .debug_macro   0x0000d7af      0x240 Tools/app/tasks/Task_Idle.o
 .debug_macro   0x0000d9ef      0x2f0 Tools/bsw/communication/canif/CanIf.o
 .debug_macro   0x0000dcdf       0x6f Tools/bsw/communication/canif/CanIf.o
 .debug_macro   0x0000dd4e       0x76 Tools/bsw/communication/canif/CanIf.o
 .debug_macro   0x0000ddc4       0x10 Tools/bsw/communication/canif/CanIf.o
 .debug_macro   0x0000ddd4       0x3a Tools/bsw/communication/canif/CanIf.o
 .debug_macro   0x0000de0e       0x54 Tools/bsw/communication/canif/CanIf.o
 .debug_macro   0x0000de62       0x16 Tools/bsw/communication/canif/CanIf.o
 .debug_macro   0x0000de78       0x35 Tools/bsw/communication/canif/CanIf.o
 .debug_macro   0x0000dead      0x159 Tools/bsw/communication/pdur/PduR.o
 .debug_macro   0x0000e006       0x22 Tools/bsw/communication/pdur/PduR.o
 .debug_macro   0x0000e028       0x16 Tools/bsw/communication/pdur/PduR.o
 .debug_macro   0x0000e03e      0x225 Tools/bsw/communication/com/Com.o
 .debug_macro   0x0000e263      0x174 Tools/bsw/communication/com/Com.o
 .debug_macro   0x0000e3d7       0x10 Tools/bsw/communication/com/Com.o
 .debug_macro   0x0000e3e7       0x1c Tools/bsw/communication/com/Com.o
 .debug_macro   0x0000e403       0x68 Tools/bsw/ecua/iohwab/src/IoHwAb_Brake.o
 .debug_macro   0x0000e46b      0x1bc Tools/bsw/ecua/iohwab/src/IoHwAb_Brake.o
 .debug_macro   0x0000e627      0x31b Tools/bsw/ecua/iohwab/src/IoHwAb_Digital.o
 .debug_macro   0x0000e942       0x6e Tools/bsw/ecua/iohwab/src/IoHwAb_Gear.o
 .debug_macro   0x0000e9b0       0x68 Tools/bsw/ecua/iohwab/src/IoHwAb_Mode.o
 .debug_macro   0x0000ea18       0xf7 Tools/bsw/ecua/iohwab/src/IoHwAb_Pedal.o
 .debug_macro   0x0000eb0f      0x2de Tools/bsw/ecua/iohwab/src/IoHwAb_Pedal.o
 .debug_macro   0x0000eded      0x2ac Tools/bsw/ecua/iohwab/src/IoHwAb_Pedal.o
 .debug_macro   0x0000f099       0xd1 Tools/bsw/mcal/adc/Adc.o
 .debug_macro   0x0000f16a      0x28e Tools/bsw/mcal/can/Can.o
 .debug_macro   0x0000f3f8       0xb1 Tools/bsw/mcal/dio/Dio.o
 .debug_macro   0x0000f4a9      0x1b6 Tools/bsw/mcal/dio/Dio.o
 .debug_macro   0x0000f65f       0xce Tools/bsw/mcal/port/Port.o
 .debug_macro   0x0000f72d      0x3dc Tools/bsw/mcal/port/Port.o
 .debug_macro   0x0000fb09       0x6f Tools/bsw/mcal/port/Port.o
 .debug_macro   0x0000fb78       0xd3 Tools/bsw/services/os/arch/cortexm3_stm32f1/Os_Arch.o
 .debug_macro   0x0000fc4b       0xd3 Tools/bsw/services/os/src/Os_Alarm.o
 .debug_macro   0x0000fd1e       0xd3 Tools/bsw/services/os/src/Os_Counter.o
 .debug_macro   0x0000fdf1       0xd3 Tools/bsw/services/os/src/Os_Event.o
 .debug_macro   0x0000fec4       0xdf Tools/bsw/services/os/src/Os_Task.o
 .debug_macro   0x0000ffa3      0x215 Tools/bsw/services/ecum/EcuM.o
 .debug_macro   0x000101b8      0x24c Tools/cfg/mcal/Adc_cfg.o
 .debug_macro   0x00010404      0x28a Tools/cfg/mcal/Can_Cfg.o
 .debug_macro   0x0001068e       0xb4 Tools/cfg/mcal/Port_cfg.o
 .debug_macro   0x00010742      0x176 Tools/cfg/ecua/IoHwAb_Digital_Cfg.o
 .debug_macro   0x000108b8      0x142 Tools/cfg/communication/CanIf_Cfg.o
 .debug_macro   0x000109fa      0x1fe Tools/cfg/communication/Com_Cfg.o
 .debug_macro   0x00010bf8      0x15b Tools/cfg/communication/PduR_Cfg.o
 .debug_macro   0x00010d53       0x86 Tools/debug/semihost.o
 .debug_macro   0x00010dd9      0x1d9 Tools/debug/syscalls_min.o
 .debug_macro   0x00010fb2       0x10 Tools/debug/syscalls_min.o
 .debug_macro   0x00010fc2       0x10 Tools/debug/syscalls_min.o
 .debug_macro   0x00010fd2       0x10 Tools/debug/syscalls_min.o
 .debug_macro   0x00010fe2       0x35 Tools/debug/syscalls_min.o
 .debug_macro   0x00011017      0x12c Tools/debug/syscalls_min.o
 .debug_macro   0x00011143       0x10 Tools/debug/syscalls_min.o
 .debug_macro   0x00011153      0x241 Tools/debug/syscalls_min.o
 .debug_macro   0x00011394       0x16 Tools/debug/syscalls_min.o
 .debug_macro   0x000113aa      0x51a Tools/debug/syscalls_min.o
 .debug_macro   0x000118c4      0x191 Tools/platform/spl/src/stm32f10x_adc.o
 .debug_macro   0x00011a55       0xe9 Tools/platform/spl/src/stm32f10x_can.o
 .debug_macro   0x00011b3e       0xe9 Tools/platform/spl/src/stm32f10x_dma.o
 .debug_macro   0x00011c27      0x3a7 Tools/platform/spl/src/stm32f10x_dma.o
 .debug_macro   0x00011fce       0xe3 Tools/platform/spl/src/stm32f10x_gpio.o
 .debug_macro   0x000120b1      0x1a8 Tools/platform/spl/src/stm32f10x_rcc.o
 .debug_macro   0x00012259       0x89 Tools/platform/spl/src/system_stm32f10x.o
 .debug_macro   0x000122e2      0x1e7 Tools/swc/Swc_BrakeAcq/Swc_BrakeAcq.o
 .debug_macro   0x000124c9      0x1e5 Tools/swc/Swc_CmdComposer/Swc_CmdComposer.o
 .debug_macro   0x000126ae      0x1eb Tools/swc/Swc_DriveModeMgr/Swc_DriveModeMgr.o
 .debug_macro   0x00012899      0x1eb Tools/swc/Swc_GearSelector/Swc_GearSelector.o
 .debug_macro   0x00012a84      0x1e7 Tools/swc/Swc_PedalAcq/Swc_PedalAcq.o
 .debug_macro   0x00012c6b      0x1f1 Tools/swc/Swc_SafetyManager/Swc_SafetyManager.o
 .debug_macro   0x00012e5c      0x3b6 Tools/rte/core/src/Rte.o
 .debug_macro   0x00013212       0x1c Tools/rte/core/src/Rte.o
 .debug_macro   0x0001322e       0x22 Tools/rte/core/src/Rte.o
 .debug_macro   0x00013250       0x1c Tools/rte/core/src/Rte.o
 .debug_macro   0x0001326c       0x22 Tools/rte/core/src/Rte.o
 .debug_macro   0x0001328e       0x3a Tools/rte/core/src/Rte.o
 .debug_macro   0x000132c8       0x16 Tools/rte/core/src/Rte.o

.debug_line     0x00000000     0xf134
 .debug_line    0x00000000      0x3c9 Tools/app/main.o
 .debug_line    0x000003c9      0x739 Tools/app/tasks/InitTask.o
 .debug_line    0x00000b02      0x666 Tools/app/tasks/Task_A.o
 .debug_line    0x00001168      0x40a Tools/app/tasks/Task_B.o
 .debug_line    0x00001572      0x3a6 Tools/app/tasks/Task_C.o
 .debug_line    0x00001918      0x3b6 Tools/app/tasks/Task_Idle.o
 .debug_line    0x00001cce      0xaf5 Tools/bsw/communication/canif/CanIf.o
 .debug_line    0x000027c3      0x561 Tools/bsw/communication/pdur/PduR.o
 .debug_line    0x00002d24      0x793 Tools/bsw/communication/com/Com.o
 .debug_line    0x000034b7      0x16b Tools/bsw/ecua/iohwab/src/IoHwAb_Brake.o
 .debug_line    0x00003622      0x629 Tools/bsw/ecua/iohwab/src/IoHwAb_Digital.o
 .debug_line    0x00003c4b      0x207 Tools/bsw/ecua/iohwab/src/IoHwAb_Gear.o
 .debug_line    0x00003e52      0x15b Tools/bsw/ecua/iohwab/src/IoHwAb_Mode.o
 .debug_line    0x00003fad      0x265 Tools/bsw/ecua/iohwab/src/IoHwAb_Pedal.o
 .debug_line    0x00004212      0x7b8 Tools/bsw/mcal/adc/Adc.o
 .debug_line    0x000049ca      0xa81 Tools/bsw/mcal/can/Can.o
 .debug_line    0x0000544b      0x550 Tools/bsw/mcal/dio/Dio.o
 .debug_line    0x0000599b      0x542 Tools/bsw/mcal/port/Port.o
 .debug_line    0x00005edd      0x347 Tools/bsw/services/os/arch/cortexm3_stm32f1/Os_Arch.o
 .debug_line    0x00006224      0x53e Tools/bsw/services/os/src/Os_Alarm.o
 .debug_line    0x00006762      0x269 Tools/bsw/services/os/src/Os_Counter.o
 .debug_line    0x000069cb      0x351 Tools/bsw/services/os/src/Os_Event.o
 .debug_line    0x00006d1c      0x66d Tools/bsw/services/os/src/Os_Task.o
 .debug_line    0x00007389      0x3a6 Tools/bsw/services/ecum/EcuM.o
 .debug_line    0x0000772f      0x51e Tools/cfg/mcal/Adc_cfg.o
 .debug_line    0x00007c4d      0x4e2 Tools/cfg/mcal/Can_Cfg.o
 .debug_line    0x0000812f      0x187 Tools/cfg/mcal/Port_cfg.o
 .debug_line    0x000082b6      0x2f6 Tools/cfg/ecua/IoHwAb_Digital_Cfg.o
 .debug_line    0x000085ac      0x3f9 Tools/cfg/communication/CanIf_Cfg.o
 .debug_line    0x000089a5      0x32f Tools/cfg/communication/Com_Cfg.o
 .debug_line    0x00008cd4      0x2ae Tools/cfg/communication/PduR_Cfg.o
 .debug_line    0x00008f82      0x1e9 Tools/debug/semihost.o
 .debug_line    0x0000916b      0x461 Tools/debug/syscalls_min.o
 .debug_line    0x000095cc      0xa51 Tools/platform/spl/src/stm32f10x_adc.o
 .debug_line    0x0000a01d      0xe3a Tools/platform/spl/src/stm32f10x_can.o
 .debug_line    0x0000ae57      0x4d4 Tools/platform/spl/src/stm32f10x_dma.o
 .debug_line    0x0000b32b      0x6a3 Tools/platform/spl/src/stm32f10x_gpio.o
 .debug_line    0x0000b9ce      0x851 Tools/platform/spl/src/stm32f10x_rcc.o
 .debug_line    0x0000c21f      0x3b0 Tools/platform/spl/src/system_stm32f10x.o
 .debug_line    0x0000c5cf      0x40a Tools/swc/Swc_BrakeAcq/Swc_BrakeAcq.o
 .debug_line    0x0000c9d9      0x60f Tools/swc/Swc_CmdComposer/Swc_CmdComposer.o
 .debug_line    0x0000cfe8      0x441 Tools/swc/Swc_DriveModeMgr/Swc_DriveModeMgr.o
 .debug_line    0x0000d429      0x463 Tools/swc/Swc_GearSelector/Swc_GearSelector.o
 .debug_line    0x0000d88c      0x492 Tools/swc/Swc_PedalAcq/Swc_PedalAcq.o
 .debug_line    0x0000dd1e      0x6c9 Tools/swc/Swc_SafetyManager/Swc_SafetyManager.o
 .debug_line    0x0000e3e7      0xd4d Tools/rte/core/src/Rte.o

.debug_str      0x00000000    0x5011e
 .debug_str     0x00000000    0x3890e Tools/app/main.o
                              0x38b47 (size before relaxing)
 .debug_str     0x0003890e     0xffbc Tools/app/tasks/InitTask.o
                              0x48bdd (size before relaxing)
 .debug_str     0x000488ca       0x90 Tools/app/tasks/Task_A.o
                              0x47eb4 (size before relaxing)
 .debug_str     0x0004895a       0x5c Tools/app/tasks/Task_B.o
                              0x3a6f7 (size before relaxing)
 .debug_str     0x000489b6       0x1a Tools/app/tasks/Task_C.o
                              0x38b3f (size before relaxing)
 .debug_str     0x000489d0       0x20 Tools/app/tasks/Task_Idle.o
                              0x38b29 (size before relaxing)
 .debug_str     0x000489f0      0x490 Tools/bsw/communication/canif/CanIf.o
                              0x3eca3 (size before relaxing)
 .debug_str     0x00048e80      0x183 Tools/bsw/communication/pdur/PduR.o
                              0x3a911 (size before relaxing)
 .debug_str     0x00049003      0x1fe Tools/bsw/communication/com/Com.o
                               0x8062 (size before relaxing)
 .debug_str     0x00049201       0x7a Tools/bsw/ecua/iohwab/src/IoHwAb_Brake.o
                               0x49bb (size before relaxing)
 .debug_str     0x0004927b       0xc3 Tools/bsw/ecua/iohwab/src/IoHwAb_Digital.o
                              0x4834e (size before relaxing)
 .debug_str     0x0004933e       0x70 Tools/bsw/ecua/iohwab/src/IoHwAb_Gear.o
                               0x49fb (size before relaxing)
 .debug_str     0x000493ae       0x60 Tools/bsw/ecua/iohwab/src/IoHwAb_Mode.o
                               0x49d8 (size before relaxing)
 .debug_str     0x0004940e       0x82 Tools/bsw/ecua/iohwab/src/IoHwAb_Pedal.o
                              0x3cbb5 (size before relaxing)
 .debug_str     0x00049490      0x8fd Tools/bsw/mcal/adc/Adc.o
                              0x3d378 (size before relaxing)
 .debug_str     0x00049d8d      0x477 Tools/bsw/mcal/can/Can.o
                              0x3ecc6 (size before relaxing)
 .debug_str     0x0004a204      0x18a Tools/bsw/mcal/dio/Dio.o